2026-07-24 16:11:40,256 --------------------------------------------------------------------------------
2026-07-24 16:11:40,257 Working directory:
2026-07-24 16:11:40,257   c:\
2026-07-24 16:11:40,257    users\
2026-07-24 16:11:40,257     sizen\
2026-07-24 16:11:40,257      appdata\
2026-07-24 16:11:40,257       local\
2026-07-24 16:11:40,257        temp\
2026-07-24 16:11:40,259         DisplayCAL-dxrxrt\
2026-07-24 16:11:40,259 
2026-07-24 16:11:40,259 Command line:
2026-07-24 16:11:40,259   C:\Users\sizen\AppData\Roaming\DisplayCAL\ArgyllCMS\bin\dispcal.exe
2026-07-24 16:11:40,259     -v2
2026-07-24 16:11:40,259     -d1
2026-07-24 16:11:40,259     -c1
2026-07-24 16:11:40,260     -yb
2026-07-24 16:11:40,260     "-P0.506804317222,0.544510385757,1.0"
2026-07-24 16:11:40,260     -N
2026-07-24 16:11:40,260     -ql
2026-07-24 16:11:40,260     -t
2026-07-24 16:11:40,260     -g2.2
2026-07-24 16:11:40,260     -f1.0
2026-07-24 16:11:40,260     -k0.0
2026-07-24 16:11:40,260     -A4.0
2026-07-24 16:11:40,260     -b
2026-07-24 16:11:40,263     "G27P #1 2026-07-24 16-10 2.2 F-S XYZLUT+MTX"
2026-07-24 16:11:40,263 
2026-07-24 16:11:40,487 DisplayCAL: Starting interaction with subprocess
2026-07-24 16:11:52,693 Setting up the instrument
2026-07-24 16:11:53,213 Instrument Type:   Datacolor SpyderX
2026-07-24 16:11:53,213 Serial Number:     60175226
2026-07-24 16:11:53,213 Hardware version:  2.07
2026-07-24 16:11:53,536 Place instrument on test window.
2026-07-24 16:11:53,539 DisplayCAL: Waiting for send buffer
2026-07-24 16:11:53,542 DisplayCAL: SpyderX cal time_t size = 8
2026-07-24 16:11:53,542 DisplayCAL: SpyderX sensor cal 7 7 7
2026-07-24 16:11:53,542 DisplayCAL: Detected instrument placement (screen/spot) message
2026-07-24 16:11:55,046 DisplayCAL: Skipping place instrument on screen message...
2026-07-24 16:11:55,065 DisplayCAL: Sending buffer: ' '
2026-07-24 16:11:55,066 Hit Esc or Q to give up, any other key to continue:
2026-07-24 16:11:55,068 Display type is 'b'
2026-07-24 16:11:55,068 Target white = native white point
2026-07-24 16:11:55,068 Target white brightness = native brightness
2026-07-24 16:11:55,068 Target black brightness = native brightness
2026-07-24 16:11:55,068 Black point device hack is enabled
2026-07-24 16:11:55,071 Target advertised gamma = 2.200000
2026-07-24 16:11:55,071 
2026-07-24 16:11:55,071 Display adjustment menu:
2026-07-24 16:11:55,071 Press 1 .. 7
2026-07-24 16:11:55,071 1) Black level (CRT: Offset/Brightness)
2026-07-24 16:11:55,072 2) White point (Color temperature, R,G,B, Gain/Contrast)
2026-07-24 16:11:55,072 3) White level (CRT: Gain/Contrast, LCD: Brightness/Backlight)
2026-07-24 16:11:55,072 4) Black point (R,G,B, Offset/Brightness)
2026-07-24 16:11:55,072 5) Check all
2026-07-24 16:11:55,072 6) Measure and set ambient for viewing condition adjustment
2026-07-24 16:11:55,072 7) Continue on to calibration
2026-07-24 16:11:55,072 8) Exit
2026-07-24 16:11:55,073 DisplayCAL: Waiting for send buffer
2026-07-24 16:12:33,507 DisplayCAL: Sending buffer: '2'
2026-07-24 16:12:33,509 Doing some initial measurements
2026-07-24 16:12:38,719 Red   = XYZ 112.984 52.202  0.326
2026-07-24 16:12:38,720 Green = XYZ 59.017 156.605 12.105
2026-07-24 16:12:38,720 Blue  = XYZ 60.201 20.075 324.862
2026-07-24 16:12:40,487 White = XYZ 235.632 231.023 337.600
2026-07-24 16:12:40,487 
2026-07-24 16:12:40,489 Adjust R,G & B gain to desired white point. Press space when done.
2026-07-24 16:12:40,490   Initial Br 231.02, x 0.2930 , y 0.2873 , VDT 11131K DE 2K 11.9
2026-07-24 16:15:17,328 DisplayCAL: Sending buffer: ' '
2026-07-24 16:15:17,562 \ Current Br 230.66, x 0.2938-, y 0.2868-  VDT 11259K DE 2K 12.5  R-- G+  B-
2026-07-24 16:15:17,563 
2026-07-24 16:15:17,563 Press 1 .. 7
2026-07-24 16:15:17,563 1) Black level (CRT: Offset/Brightness)
2026-07-24 16:15:17,563 2) White point (Color temperature, R,G,B, Gain/Contrast)
2026-07-24 16:15:17,565 3) White level (CRT: Gain/Contrast, LCD: Brightness/Backlight)
2026-07-24 16:15:17,565 4) Black point (R,G,B, Offset/Brightness)
2026-07-24 16:15:17,565 5) Check all
2026-07-24 16:15:17,565 6) Measure and set ambient for viewing condition adjustment
2026-07-24 16:15:17,565 7) Continue on to calibration
2026-07-24 16:15:17,565 8) Exit
2026-07-24 16:15:17,568 DisplayCAL: Waiting for send buffer
2026-07-24 16:15:21,180 DisplayCAL: Sending buffer: '7'
2026-07-24 16:15:21,181 Commencing display calibration
2026-07-24 16:15:36,759 Patch 9 of 9
2026-07-24 16:15:36,759 Black = XYZ 0.1386 0.1466 0.2062
2026-07-24 16:15:36,762 Red   = XYZ 113.433 52.093  0.348
2026-07-24 16:15:36,762 Green = XYZ 59.206 156.734 12.171
2026-07-24 16:15:36,762 Blue  = XYZ 60.466 20.032 324.646
2026-07-24 16:15:36,762 White = XYZ 236.220 230.535 337.094
2026-07-24 16:16:57,835 Patch 48 of 48
2026-07-24 16:16:57,888 
2026-07-24 16:16:57,888 Initial native brightness target = 230.535316 cd/m^2
2026-07-24 16:16:57,888 Target white value is XYZ 236.220176 230.535316 337.094352 [xy 0.293861 0.286789]
2026-07-24 16:16:57,891 Adjusted target black XYZ 0.1386 0.1466 0.2062, Lab 0.575 -0.192 0.038
2026-07-24 16:16:57,891 Target black after min adjust: XYZ 0.1386 0.1466 0.2062, Lab 0.575 -0.192 0.038
2026-07-24 16:16:57,891 Gamma curve input offset = 0.000000, output offset = 0.000636, power = 2.203305
2026-07-24 16:16:57,891 Total Iteration 2, Final Samples = 32 Final Repeat threshold = 0.900000
2026-07-24 16:16:57,891 Creating initial calibration curves...
2026-07-24 16:16:57,894 
2026-07-24 16:16:57,894 Doing iteration 1/2 with 16 sample points and repeat threshold of 1.272792 DE
2026-07-24 16:16:59,371 Patch 1 of 16 DE 0.000000, W.DE 0.000000, OK ( < 1.272792)
2026-07-24 16:17:00,971 Patch 2 of 16 DE 0.764474, W.DE 0.764474, OK ( < 1.272792)
2026-07-24 16:17:02,566 Patch 3 of 16 DE 0.574975, W.DE 0.574975, OK ( < 1.272792)
2026-07-24 16:17:04,164 Patch 4 of 16 DE 0.383515, W.DE 0.383515, OK ( < 1.272792)
2026-07-24 16:17:05,760 Patch 5 of 16 DE 0.520786, W.DE 0.520786, OK ( < 1.272792)
2026-07-24 16:17:07,357 Patch 6 of 16 DE 0.499120, W.DE 0.499120, OK ( < 1.272792)
2026-07-24 16:17:08,943 Patch 7 of 16 DE 0.805446, W.DE 0.805446, OK ( < 1.272792)
2026-07-24 16:17:10,543 Patch 8 of 16 DE 0.409572, W.DE 0.409572, OK ( < 1.272792)
2026-07-24 16:17:12,137 Patch 9 of 16 DE 0.262760, W.DE 0.262760, OK ( < 1.272792)
2026-07-24 16:17:13,740 Patch 10 of 16 DE 0.444839, W.DE 0.444839, OK ( < 1.272792)
2026-07-24 16:17:15,342 Patch 11 of 16 DE 0.902208, W.DE 0.902208, OK ( < 1.272792)
2026-07-24 16:17:16,944 Patch 12 of 16 DE 1.756405, W.DE 1.756405, Repeat
2026-07-24 16:17:18,562 Patch 12 of 16 DE 0.275829, W.DE 0.275829, OK ( < 1.272792)
2026-07-24 16:17:20,148 Patch 13 of 16 DE 0.843177, W.DE 0.843177, OK ( < 1.272792)
2026-07-24 16:17:21,710 Patch 14 of 16 DE 0.093009, W.DE 0.131610, OK ( < 1.272792)
2026-07-24 16:17:23,257 Patch 15 of 16 DE 0.197118, W.DE 57.817724, Repeat
2026-07-24 16:17:24,759 Patch 15 of 16 DE 0.239598, W.DE 0.239598, OK ( < 1.272792)
2026-07-24 16:17:26,278 Patch 16 of 16 DE 0.103962, W.DE 103.961773, Repeat
2026-07-24 16:17:27,770 Patch 16 of 16 DE 0.048577, W.DE 48.576933, Repeat
2026-07-24 16:17:34,177 Patch 16 of 16 DE 0.048577, W.DE 48.576933, Repeat
2026-07-24 16:17:35,759 Patch 16 of 16 DE 0.000252, W.DE 0.000252, OK ( < 1.272792)
2026-07-24 16:17:35,759 
2026-07-24 16:17:35,759 Brightness error = 0.000000 cd/m^2 (is 230.636425, should be 230.636425)
2026-07-24 16:17:35,759 White point error = 0.000000 deltaE
2026-07-24 16:17:35,759 Maximum neutral error (@ 0.172427) = 0.902208 deltaE
2026-07-24 16:17:35,762 Average neutral error = 0.438722 deltaE
2026-07-24 16:17:35,762 Number of measurements taken = 24
2026-07-24 16:17:35,762 Computing update to calibration curves...
2026-07-24 16:17:35,767 
2026-07-24 16:17:35,767 Doing iteration 2/2 with 32 sample points and repeat threshold of 0.900000 DE
2026-07-24 16:17:37,520 Patch 1 of 32 DE 0.000000, W.DE 0.000000, W.peqDE 0.000000, OK ( < 0.900000)
2026-07-24 16:17:39,098 Patch 2 of 32 DE 0.399291, W.DE 0.399291, W.peqDE 0.399292, OK ( < 0.900000)
2026-07-24 16:17:40,671 Patch 3 of 32 DE 0.226117, W.DE 0.226117, W.peqDE 0.147685, OK ( < 0.900000)
2026-07-24 16:17:42,250 Patch 4 of 32 DE 0.407143, W.DE 0.407143, W.peqDE 0.368716, OK ( < 0.900000)
2026-07-24 16:17:43,828 Patch 5 of 32 DE 0.454174, W.DE 0.454174, W.peqDE 0.815148, OK ( < 0.900000)
2026-07-24 16:17:45,401 Patch 6 of 32 DE 0.606591, W.DE 0.606591, peqDE 0.988916, Repeat
2026-07-24 16:17:51,851 Patch 6 of 32 DE 0.606591, W.DE 0.606591, peqDE 0.988916, Repeat
2026-07-24 16:17:53,506 Patch 6 of 32 DE 0.886235, W.DE 0.886235, W.peqDE 0.451012, OK ( < 0.900000)
2026-07-24 16:17:55,076 Patch 7 of 32 DE 0.615841, W.DE 0.615841, W.peqDE 0.437479, OK ( < 0.900000)
2026-07-24 16:17:56,660 Patch 8 of 32 DE 0.755687, W.DE 0.755687, W.peqDE 0.421075, OK ( < 0.900000)
2026-07-24 16:17:58,234 Patch 9 of 32 DE 0.380117, W.DE 0.380117, W.peqDE 0.633868, OK ( < 0.900000)
2026-07-24 16:17:59,813 Patch 10 of 32 DE 1.097204, W.DE 1.097204, peqDE 1.312585, Repeat
2026-07-24 16:18:06,239 Patch 10 of 32 DE 1.097204, W.DE 1.097204, peqDE 1.312585, Repeat
2026-07-24 16:18:07,888 Patch 10 of 32 DE 1.432393, W.DE 1.432393, peqDE 1.211719, Repeat
2026-07-24 16:18:09,451 Patch 10 of 32 DE 0.563412, W.DE 0.563412, peqDE 0.902333, Repeat
2026-07-24 16:18:10,950 Patch 10 of 32 DE 0.302384, W.DE 0.302384, W.peqDE 0.641513, OK ( < 0.900000)
2026-07-24 16:18:12,520 Patch 11 of 32 DE 0.227274, W.DE 0.227274, W.peqDE 0.200202, OK ( < 0.900000)
2026-07-24 16:18:14,099 Patch 12 of 32 DE 0.502154, W.DE 0.502154, W.peqDE 0.670100, OK ( < 0.900000)
2026-07-24 16:18:15,678 Patch 13 of 32 DE 0.166016, W.DE 0.166016, W.peqDE 0.546897, OK ( < 0.900000)
2026-07-24 16:18:17,256 Patch 14 of 32 DE 0.793415, W.DE 0.793415, W.peqDE 0.866634, OK ( < 0.900000)
2026-07-24 16:18:18,822 Patch 15 of 32 DE 0.317127, W.DE 0.317127, W.peqDE 0.491862, OK ( < 0.900000)
2026-07-24 16:18:20,391 Patch 16 of 32 DE 0.095285, W.DE 0.095285, W.peqDE 0.343549, OK ( < 0.900000)
2026-07-24 16:18:21,969 Patch 17 of 32 DE 0.454890, W.DE 0.454890, W.peqDE 0.516432, OK ( < 0.900000)
2026-07-24 16:18:23,551 Patch 18 of 32 DE 0.347511, W.DE 0.347511, W.peqDE 0.236518, OK ( < 0.900000)
2026-07-24 16:18:25,131 Patch 19 of 32 DE 0.601633, W.DE 0.601633, W.peqDE 0.738641, OK ( < 0.900000)
2026-07-24 16:18:26,704 Patch 20 of 32 DE 0.967168, W.DE 0.967168, peqDE 1.120739, Repeat
2026-07-24 16:18:28,273 Patch 20 of 32 DE 0.382077, W.DE 0.382077, W.peqDE 0.226381, OK ( < 0.900000)
2026-07-24 16:18:29,865 Patch 21 of 32 DE 1.528326, W.DE 1.528326, peqDE 1.400520, Repeat
2026-07-24 16:18:31,470 Patch 21 of 32 DE 0.470627, W.DE 0.470627, W.peqDE 0.832005, OK ( < 0.900000)
2026-07-24 16:18:33,042 Patch 22 of 32 DE 1.074918, W.DE 1.074918, peqDE 1.320300, Repeat
2026-07-24 16:18:34,647 Patch 22 of 32 DE 0.350545, W.DE 0.350545, W.peqDE 0.419449, OK ( < 0.900000)
2026-07-24 16:18:36,226 Patch 23 of 32 DE 1.120152, W.DE 1.120152, peqDE 1.266016, Repeat
2026-07-24 16:18:37,838 Patch 23 of 32 DE 0.265631, W.DE 0.265631, W.peqDE 0.163728, OK ( < 0.900000)
2026-07-24 16:18:39,421 Patch 24 of 32 DE 0.937751, W.DE 0.937751, peqDE 1.109893, Repeat
2026-07-24 16:18:41,023 Patch 24 of 32 DE 0.278479, W.DE 0.278479, W.peqDE 0.383031, OK ( < 0.900000)
2026-07-24 16:18:42,595 Patch 25 of 32 DE 0.784741, W.DE 0.784741, W.peqDE 0.799389, OK ( < 0.900000)
2026-07-24 16:18:44,160 Patch 26 of 32 DE 0.579206, W.DE 0.579206, W.peqDE 0.198856, OK ( < 0.654914)
2026-07-24 16:18:45,713 Patch 27 of 32 DE 0.195050, W.DE 0.195050, peqDE 0.648617, Repeat
2026-07-24 16:18:47,210 Patch 27 of 32 DE 0.095093, W.DE 0.095093, peqDE 0.622683, Repeat
2026-07-24 16:18:53,671 Patch 27 of 32 DE 0.095093, W.DE 0.095093, peqDE 0.622683, Repeat
2026-07-24 16:18:55,244 Patch 27 of 32 DE 0.190702, W.DE 0.190702, peqDE 0.411871, Repeat (got worse)
2026-07-24 16:18:56,737 Patch 27 of 32 DE 0.095093, W.DE 0.095093, peqDE 0.622683, Repeat
2026-07-24 16:18:58,219 Patch 27 of 32 DE 0.444490, W.DE 0.444490, peqDE 0.723453, Repeat (got worse)
2026-07-24 16:18:59,721 Patch 27 of 32 DE 0.480967, W.DE 0.480967, peqDE 0.364467, Repeat (got worse)
2026-07-24 16:19:01,220 Patch 27 of 32 DE 0.357522, W.DE 0.357522, peqDE 0.881445, Repeat (got worse)
2026-07-24 16:19:02,693 Patch 27 of 32 DE 0.480967, W.DE 0.480967, peqDE 0.364467, Repeat (got worse)
2026-07-24 16:19:04,184 Patch 27 of 32 DE 0.095093, W.DE 0.095093, W.peqDE 0.622683, Fail ( > 0.395604)
2026-07-24 16:19:05,733 Patch 28 of 32 DE 0.332468, W.DE 1.497245, peqDE 1.498529, Repeat
2026-07-24 16:19:07,244 Patch 28 of 32 DE 0.146825, W.DE 0.550899, peqDE 0.559692, Repeat
2026-07-24 16:19:13,697 Patch 28 of 32 DE 0.146825, W.DE 0.550899, peqDE 0.559692, Repeat
2026-07-24 16:19:15,267 Patch 28 of 32 DE 0.243432, W.DE 0.596008, peqDE 0.632489, Repeat
2026-07-24 16:19:16,772 Patch 28 of 32 DE 0.378416, W.DE 0.378416, peqDE 0.302390, Repeat
2026-07-24 16:19:18,319 Patch 28 of 32 DE 0.146825, W.DE 0.550899, peqDE 0.559692, Repeat
2026-07-24 16:19:19,806 Patch 28 of 32 DE 0.225343, W.DE 0.238983, peqDE 0.323865, Repeat
2026-07-24 16:19:21,292 Patch 28 of 32 DE 0.682785, W.DE 0.753731, peqDE 0.775913, Repeat (got worse)
2026-07-24 16:19:22,802 Patch 28 of 32 DE 0.404249, W.DE 0.404249, peqDE 0.396983, Repeat (got worse)
2026-07-24 16:19:24,319 Patch 28 of 32 DE 0.225343, W.DE 0.238983, W.peqDE 0.323865, Fail ( > 0.250000)
2026-07-24 16:19:25,809 Patch 29 of 32 DE 0.286262, W.DE 21.282834, peqDE 21.283936, Repeat
2026-07-24 16:19:27,335 Patch 29 of 32 DE 0.031772, W.DE 1.543005, peqDE 1.557132, Repeat
2026-07-24 16:19:33,750 Patch 29 of 32 DE 0.031772, W.DE 1.543005, peqDE 1.557132, Repeat
2026-07-24 16:19:35,313 Patch 29 of 32 DE 0.031772, W.DE 1.543005, peqDE 1.557132, Repeat
2026-07-24 16:19:36,792 Patch 29 of 32 DE 0.031772, W.DE 1.543005, peqDE 1.557132, Repeat
2026-07-24 16:19:38,276 Patch 29 of 32 DE 0.031772, W.DE 1.543005, peqDE 1.557132, Repeat
2026-07-24 16:19:39,767 Patch 29 of 32 DE 0.031772, W.DE 1.543005, peqDE 1.557132, Repeat
2026-07-24 16:19:41,236 Patch 29 of 32 DE 0.031772, W.DE 1.543005, peqDE 1.557132, Repeat
2026-07-24 16:19:42,723 Patch 29 of 32 DE 0.031772, W.DE 1.543005, peqDE 1.557132, Repeat
2026-07-24 16:19:44,210 Patch 29 of 32 DE 0.330087, W.DE 0.330087, W.peqDE 0.313161, Fail ( > 0.250000)
2026-07-24 16:19:45,726 Patch 30 of 32 DE 0.204797, W.DE 64.586731, peqDE 64.587660, Repeat
2026-07-24 16:19:47,243 Patch 30 of 32 DE 0.058055, W.DE 0.058055, peqDE 0.318004, Repeat
2026-07-24 16:19:53,678 Patch 30 of 32 DE 0.058055, W.DE 0.058055, peqDE 0.318004, Repeat
2026-07-24 16:19:55,229 Patch 30 of 32 DE 0.204797, W.DE 64.586731, peqDE 0.318004, Repeat (got worse)
2026-07-24 16:19:56,717 Patch 30 of 32 DE 0.204797, W.DE 64.586731, peqDE 0.318004, Repeat (got worse)
2026-07-24 16:19:58,197 Patch 30 of 32 DE 0.204797, W.DE 64.586731, peqDE 0.318004, Repeat (got worse)
2026-07-24 16:19:59,684 Patch 30 of 32 DE 0.204797, W.DE 64.586731, peqDE 0.318004, Repeat (got worse)
2026-07-24 16:20:01,154 Patch 30 of 32 DE 0.355935, W.DE 48.794975, peqDE 0.318004, Repeat (got worse)
2026-07-24 16:20:02,619 Patch 30 of 32 DE 0.355935, W.DE 48.794975, peqDE 0.318004, Repeat (got worse)
2026-07-24 16:20:04,101 Patch 30 of 32 DE 0.058055, W.DE 0.058055, W.peqDE 0.318004, Fail ( > 0.250000)
2026-07-24 16:20:05,611 Patch 31 of 32 DE 0.005774, W.DE 0.005774, W.peqDE 0.004775, OK ( < 0.250000)
2026-07-24 16:20:07,130 Patch 32 of 32 DE 0.000215, W.DE 0.214643, W.peqDE 0.214643, OK ( < 0.250000)
2026-07-24 16:20:07,130 
2026-07-24 16:20:07,130 Brightness error = 0.000000 cd/m^2 (is 230.449224, should be 230.449224)
2026-07-24 16:20:07,131 White point error = 0.000000 deltaE
2026-07-24 16:20:07,132 Maximum neutral error (@ 0.754707) = 0.886235 deltaE
2026-07-24 16:20:07,134 Average neutral error = 0.367443 deltaE
2026-07-24 16:20:07,134 Failed to meet target 0.900000 delta E, got worst case 0.330087
2026-07-24 16:20:07,134 Number of measurements taken = 97
2026-07-24 16:20:07,134 Computing update to calibration curves...
2026-07-24 16:20:07,148 The instrument can be removed from the screen.
2026-07-24 16:20:07,184 Written calibration file 'G27P #1 2026-07-24 16-10 2.2 F-S XYZLUT+MTX.cal'
2026-07-24 16:20:07,289 DisplayCAL: Reached EOF (OK)
2026-07-24 16:20:07,289 dispcal exitcode: 0
2026-07-24 16:20:07,323 --------------------------------------------------------------------------------
2026-07-24 16:20:07,325 Working directory:
2026-07-24 16:20:07,325   c:\
2026-07-24 16:20:07,325    users\
2026-07-24 16:20:07,325     sizen\
2026-07-24 16:20:07,326      appdata\
2026-07-24 16:20:07,326       local\
2026-07-24 16:20:07,326        temp\
2026-07-24 16:20:07,326         DisplayCAL-dxrxrt\
2026-07-24 16:20:07,326 
2026-07-24 16:20:07,328 Command line:
2026-07-24 16:20:07,328   C:\Users\sizen\AppData\Roaming\DisplayCAL\ArgyllCMS\bin\dispread.exe
2026-07-24 16:20:07,328     -v
2026-07-24 16:20:07,328     -d1
2026-07-24 16:20:07,328     -c1
2026-07-24 16:20:07,328     -yb
2026-07-24 16:20:07,328     "-P0.506804317222,0.544510385757,1.0"
2026-07-24 16:20:07,328     -N
2026-07-24 16:20:07,328     -k
2026-07-24 16:20:07,328     "G27P #1 2026-07-24 16-10 2.2 F-S XYZLUT+MTX.cal"
2026-07-24 16:20:07,328     "G27P #1 2026-07-24 16-10 2.2 F-S XYZLUT+MTX"
2026-07-24 16:20:07,328 
2026-07-24 16:20:07,555 DisplayCAL: Starting interaction with subprocess
2026-07-24 16:20:19,733 Number of patches = 175
2026-07-24 16:20:19,736 Setting up the instrument
2026-07-24 16:20:20,256 Instrument Type:   Datacolor SpyderX
2026-07-24 16:20:20,256 Serial Number:     60175226
2026-07-24 16:20:20,257 Hardware version:  2.07
2026-07-24 16:20:20,576 Place instrument on test window.
2026-07-24 16:20:20,578 DisplayCAL: Waiting for send buffer
2026-07-24 16:20:20,578 DisplayCAL: SpyderX cal time_t size = 8
2026-07-24 16:20:20,578 DisplayCAL: SpyderX sensor cal 7 7 7
2026-07-24 16:20:20,578 DisplayCAL: Detected instrument placement (screen/spot) message
2026-07-24 16:20:22,085 DisplayCAL: Skipping place instrument on screen message...
2026-07-24 16:20:22,101 DisplayCAL: Sending buffer: ' '
2026-07-24 16:20:22,104 Hit Esc or Q to give up, any other key to continue:
2026-07-24 16:25:16,025 Patch 175 of 175
2026-07-24 16:25:16,025 The instrument can be removed from the screen.
2026-07-24 16:25:16,065 Written 'G27P #1 2026-07-24 16-10 2.2 F-S XYZLUT+MTX.ti3'
2026-07-24 16:25:16,167 DisplayCAL: Reached EOF (OK)
2026-07-24 16:25:16,167 dispread exitcode: 0
2026-07-24 16:25:16,311 Preparing ChromaticityType tag from TI3 colorants
2026-07-24 16:25:16,316 Storing settings in TI3
2026-07-24 16:25:16,346 Extracting neutrals from c:\users\sizen\appdata\local\temp\DisplayCAL-dxrxrt\G27P #1 2026-07-24 16-10 2.2 F-S XYZLUT+MTX.ti3
2026-07-24 16:25:16,361 Applying 0% black point correction to TI3
2026-07-24 16:25:16,447 Extracting neutrals from c:\users\sizen\appdata\local\temp\DisplayCAL-dxrxrt\G27P #1 2026-07-24 16-10 2.2 F-S XYZLUT+MTX.ti3
2026-07-24 16:25:16,463 R=G=B (>= 1% luminance) dE*00 avg 0.347484294265 peak 0.927673225342
2026-07-24 16:25:16,463 Got high quality calibration, using single device to PCS shaper curve for cLUT
2026-07-24 16:25:16,812 Black relative luminance = 0.000636
2026-07-24 16:25:16,812 Black output offset = 1.00
2026-07-24 16:25:16,812 Calibration gamma = 2.20 relative
2026-07-24 16:25:16,812 Calibration overall transfer function ≈ Gamma 2.20 100% (Δ 0.00%)
2026-07-24 16:25:16,812 Calibration effective gamma = 2.20
2026-07-24 16:25:17,040 Transfer function R ≈ Gamma 2.20 100% (Δ 1.59%)
2026-07-24 16:25:17,040 Effective gamma = 2.20
2026-07-24 16:25:17,042 Got good match (+-2%)
2026-07-24 16:25:17,042 Using calibration transfer function
2026-07-24 16:25:17,259 Transfer function G ≈ Gamma 2.20 100% (Δ 1.59%)
2026-07-24 16:25:17,259 Effective gamma = 2.20
2026-07-24 16:25:17,259 Got good match (+-2%)
2026-07-24 16:25:17,259 Using calibration transfer function
2026-07-24 16:25:17,476 Transfer function B ≈ Gamma 2.20 100% (Δ 1.59%)
2026-07-24 16:25:17,476 Effective gamma = 2.20
2026-07-24 16:25:17,476 Got good match (+-2%)
2026-07-24 16:25:17,476 Using calibration transfer function
2026-07-24 16:25:17,724 Using transfer function for R: Gamma 2.20 100%
2026-07-24 16:25:17,724 Effective gamma = 2.20
2026-07-24 16:25:17,971 Using transfer function for G: Gamma 2.20 100%
2026-07-24 16:25:17,973 Effective gamma = 2.20
2026-07-24 16:25:18,221 Using transfer function for B: Gamma 2.20 100%
2026-07-24 16:25:18,221 Effective gamma = 2.20
2026-07-24 16:25:18,229 Initial cLUT resolution 5x5x5
2026-07-24 16:25:18,230 cLUT input curve segments: 5
2026-07-24 16:25:18,252 #1 X prev 0.045461 next 0.209366 clip False
2026-07-24 16:25:18,272 #2 X prev 0.209366 next 0.511551 clip False
2026-07-24 16:25:18,292 #3 X prev 0.511551 next 0.964200 clip False
2026-07-24 16:25:18,394 #1 Y prev 0.047149 next 0.217139 clip False
2026-07-24 16:25:18,415 #2 Y prev 0.217139 next 0.530544 clip False
2026-07-24 16:25:18,437 #3 Y prev 0.530544 next 1.000000 clip False
2026-07-24 16:25:18,539 #1 Z prev 0.038894 next 0.179118 clip False
2026-07-24 16:25:18,559 #2 Z prev 0.179118 next 0.437646 clip False
2026-07-24 16:25:18,581 #3 Z prev 0.437646 next 0.824900 clip False
2026-07-24 16:25:19,825 cLUT input curve segments: 33
2026-07-24 16:25:19,828 #1 X prev 0.000465 next 0.002143 clip False
2026-07-24 16:25:19,831 #2 X prev 0.002143 next 0.005237 clip False
2026-07-24 16:25:19,834 #3 X prev 0.005237 next 0.009871 clip False
2026-07-24 16:25:19,835 #4 X prev 0.009871 next 0.016140 clip False
2026-07-24 16:25:19,838 #5 X prev 0.016140 next 0.024119 clip False
2026-07-24 16:25:19,842 #6 X prev 0.024119 next 0.033874 clip False
2026-07-24 16:25:19,845 #7 X prev 0.033874 next 0.045461 clip False
2026-07-24 16:25:19,848 #8 X prev 0.045461 next 0.058932 clip False
2026-07-24 16:25:19,849 #9 X prev 0.058932 next 0.074330 clip False
2026-07-24 16:25:19,852 #10 X prev 0.074330 next 0.091699 clip False
2026-07-24 16:25:19,855 #11 X prev 0.091699 next 0.111078 clip False
2026-07-24 16:25:19,858 #12 X prev 0.111078 next 0.132501 clip False
2026-07-24 16:25:19,859 #13 X prev 0.132501 next 0.156002 clip False
2026-07-24 16:25:19,862 #14 X prev 0.156002 next 0.181614 clip False
2026-07-24 16:25:19,865 #15 X prev 0.181614 next 0.209366 clip False
2026-07-24 16:25:19,868 #16 X prev 0.209366 next 0.239285 clip False
2026-07-24 16:25:19,871 #17 X prev 0.239285 next 0.271400 clip False
2026-07-24 16:25:19,875 #18 X prev 0.271400 next 0.305736 clip False
2026-07-24 16:25:19,877 #19 X prev 0.305736 next 0.342317 clip False
2026-07-24 16:25:19,878 #20 X prev 0.342317 next 0.381166 clip False
2026-07-24 16:25:19,882 #21 X prev 0.381166 next 0.422307 clip False
2026-07-24 16:25:19,885 #22 X prev 0.422307 next 0.465762 clip False
2026-07-24 16:25:19,888 #23 X prev 0.465762 next 0.511551 clip False
2026-07-24 16:25:19,891 #24 X prev 0.511551 next 0.559694 clip False
2026-07-24 16:25:19,894 #25 X prev 0.559694 next 0.610211 clip False
2026-07-24 16:25:19,898 #26 X prev 0.610211 next 0.663122 clip False
2026-07-24 16:25:19,901 #27 X prev 0.663122 next 0.718444 clip False
2026-07-24 16:25:19,904 #28 X prev 0.718444 next 0.776196 clip False
2026-07-24 16:25:19,907 #29 X prev 0.776196 next 0.836395 clip False
2026-07-24 16:25:19,908 #30 X prev 0.836395 next 0.899057 clip False
2026-07-24 16:25:19,911 #31 X prev 0.899057 next 0.964200 clip False
2026-07-24 16:25:19,979 #1 Y prev 0.000483 next 0.002223 clip False
2026-07-24 16:25:19,982 #2 Y prev 0.002223 next 0.005432 clip False
2026-07-24 16:25:19,983 #3 Y prev 0.005432 next 0.010238 clip False
2026-07-24 16:25:19,986 #4 Y prev 0.010238 next 0.016739 clip False
2026-07-24 16:25:19,989 #5 Y prev 0.016739 next 0.025015 clip False
2026-07-24 16:25:19,992 #6 Y prev 0.025015 next 0.035132 clip False
2026-07-24 16:25:19,994 #7 Y prev 0.035132 next 0.047149 clip False
2026-07-24 16:25:19,997 #8 Y prev 0.047149 next 0.061120 clip False
2026-07-24 16:25:20,000 #9 Y prev 0.061120 next 0.077090 clip False
2026-07-24 16:25:20,003 #10 Y prev 0.077090 next 0.095104 clip False
2026-07-24 16:25:20,005 #11 Y prev 0.095104 next 0.115202 clip False
2026-07-24 16:25:20,009 #12 Y prev 0.115202 next 0.137420 clip False
2026-07-24 16:25:20,013 #13 Y prev 0.137420 next 0.161795 clip False
2026-07-24 16:25:20,013 #14 Y prev 0.161795 next 0.188357 clip False
2026-07-24 16:25:20,017 #15 Y prev 0.188357 next 0.217139 clip False
2026-07-24 16:25:20,019 #16 Y prev 0.217139 next 0.248170 clip False
2026-07-24 16:25:20,023 #17 Y prev 0.248170 next 0.281477 clip False
2026-07-24 16:25:20,026 #18 Y prev 0.281477 next 0.317087 clip False
2026-07-24 16:25:20,029 #19 Y prev 0.317087 next 0.355027 clip False
2026-07-24 16:25:20,032 #20 Y prev 0.355027 next 0.395319 clip False
2026-07-24 16:25:20,035 #21 Y prev 0.395319 next 0.437987 clip False
2026-07-24 16:25:20,038 #22 Y prev 0.437987 next 0.483055 clip False
2026-07-24 16:25:20,040 #23 Y prev 0.483055 next 0.530544 clip False
2026-07-24 16:25:20,042 #24 Y prev 0.530544 next 0.580475 clip False
2026-07-24 16:25:20,045 #25 Y prev 0.580475 next 0.632868 clip False
2026-07-24 16:25:20,048 #26 Y prev 0.632868 next 0.687743 clip False
2026-07-24 16:25:20,051 #27 Y prev 0.687743 next 0.745119 clip False
2026-07-24 16:25:20,053 #28 Y prev 0.745119 next 0.805015 clip False
2026-07-24 16:25:20,058 #29 Y prev 0.805015 next 0.867449 clip False
2026-07-24 16:25:20,061 #30 Y prev 0.867449 next 0.932438 clip False
2026-07-24 16:25:20,063 #31 Y prev 0.932438 next 1.000000 clip False
2026-07-24 16:25:20,130 #1 Z prev 0.000398 next 0.001834 clip False
2026-07-24 16:25:20,131 #2 Z prev 0.001834 next 0.004481 clip False
2026-07-24 16:25:20,135 #3 Z prev 0.004481 next 0.008445 clip False
2026-07-24 16:25:20,138 #4 Z prev 0.008445 next 0.013808 clip False
2026-07-24 16:25:20,141 #5 Z prev 0.013808 next 0.020635 clip False
2026-07-24 16:25:20,144 #6 Z prev 0.020635 next 0.028980 clip False
2026-07-24 16:25:20,147 #7 Z prev 0.028980 next 0.038894 clip False
2026-07-24 16:25:20,148 #8 Z prev 0.038894 next 0.050418 clip False
2026-07-24 16:25:20,151 #9 Z prev 0.050418 next 0.063592 clip False
2026-07-24 16:25:20,154 #10 Z prev 0.063592 next 0.078451 clip False
2026-07-24 16:25:20,157 #11 Z prev 0.078451 next 0.095030 clip False
2026-07-24 16:25:20,161 #12 Z prev 0.095030 next 0.113358 clip False
2026-07-24 16:25:20,164 #13 Z prev 0.113358 next 0.133464 clip False
2026-07-24 16:25:20,167 #14 Z prev 0.133464 next 0.155376 clip False
2026-07-24 16:25:20,168 #15 Z prev 0.155376 next 0.179118 clip False
2026-07-24 16:25:20,171 #16 Z prev 0.179118 next 0.204715 clip False
2026-07-24 16:25:20,174 #17 Z prev 0.204715 next 0.232190 clip False
2026-07-24 16:25:20,177 #18 Z prev 0.232190 next 0.261565 clip False
2026-07-24 16:25:20,178 #19 Z prev 0.261565 next 0.292861 clip False
2026-07-24 16:25:20,181 #20 Z prev 0.292861 next 0.326098 clip False
2026-07-24 16:25:20,184 #21 Z prev 0.326098 next 0.361296 clip False
2026-07-24 16:25:20,187 #22 Z prev 0.361296 next 0.398472 clip False
2026-07-24 16:25:20,190 #23 Z prev 0.398472 next 0.437646 clip False
2026-07-24 16:25:20,194 #24 Z prev 0.437646 next 0.478834 clip False
2026-07-24 16:25:20,194 #25 Z prev 0.478834 next 0.522053 clip False
2026-07-24 16:25:20,198 #26 Z prev 0.522053 next 0.567319 clip False
2026-07-24 16:25:20,200 #27 Z prev 0.567319 next 0.614649 clip False
2026-07-24 16:25:20,203 #28 Z prev 0.614649 next 0.664057 clip False
2026-07-24 16:25:20,207 #29 Z prev 0.664057 next 0.715559 clip False
2026-07-24 16:25:20,209 #30 Z prev 0.715559 next 0.769168 clip False
2026-07-24 16:25:20,211 #31 Z prev 0.769168 next 0.824900 clip False
2026-07-24 16:25:20,348 Final interpolated cLUT resolution 33x33x33
2026-07-24 16:25:20,351 --------------------------------------------------------------------------------
2026-07-24 16:25:20,351 Creating matrix from primaries
2026-07-24 16:25:20,351 Using chromatic adaptation transform matrix: Bradford
2026-07-24 16:25:20,400 Generating A2B1 by copying A2B0
2026-07-24 16:25:20,424 Making distinct A2B0
2026-07-24 16:25:20,437 Applying black point compensation to A2B0: L*a*b* 0.000000 0.000000 0.000000
2026-07-24 16:25:23,956 --------------------------------------------------------------------------------
2026-07-24 16:25:23,956 Generating B2A1 table by inverting A2B1 table
2026-07-24 16:25:23,956 
2026-07-24 16:25:23,957 Using chromatic adaptation transform matrix: Bradford
2026-07-24 16:25:23,980 Black XYZ: 0.0006 0.0006 0.0005
2026-07-24 16:25:23,980 White XYZ: 0.9642 1.0000 0.8249
2026-07-24 16:25:23,980 R XYZ: 0.5164 0.2368 0.0000
2026-07-24 16:25:23,980 G XYZ: 0.2727 0.6992 0.0457
2026-07-24 16:25:23,980 B XYZ: 0.1590 0.0554 0.7796
2026-07-24 16:25:23,983 Generating input curve PCS values...
2026-07-24 16:25:24,075 Looking up input curve RGB values...
2026-07-24 16:25:24,076 Setting up matrix
2026-07-24 16:25:24,078 Increasing saturation of actual primaries for PCS candidate to 104%...
2026-07-24 16:25:24,078 R xy 0.685588 0.314412 -> 0.699183 0.312647
2026-07-24 16:25:24,078 G xy 0.267994 0.687080 -> 0.264886 0.700222
2026-07-24 16:25:24,078 B xy 0.159937 0.055697 -> 0.152507 0.043583
2026-07-24 16:25:24,078 Checking for suitable PCS candidate...
2026-07-24 16:25:24,078 PCS candidate based on actual primaries fit: 1.01 (area: 92.46%)
2026-07-24 16:25:24,078 Using primaries: PCS candidate based on actual primaries
2026-07-24 16:25:24,078 Using R XYZ: 0.5426 0.2426 -0.0092
2026-07-24 16:25:24,081 Using G XYZ: 0.2701 0.7141 0.0356
2026-07-24 16:25:24,081 Using B XYZ: 0.1515 0.0433 0.7985
2026-07-24 16:25:24,081 R+G+B XYZ: 0.9642 1.0000 0.8249
2026-07-24 16:25:24,081 Correction factors: 1.0000 1.0000 1.0000
2026-07-24 16:25:24,081 Matrix 1:
2026-07-24 16:25:24,082 [2.2006244804477686, -0.8138667158064509, -0.3733487795384748]
2026-07-24 16:25:24,082 [-0.7512681329267042, 1.6820306039878012, 0.05133001549294005]
2026-07-24 16:25:24,082 [0.05878008007307281, -0.08431331663028502, 1.2457722917006036]
2026-07-24 16:25:24,082 Matrix 2:
2026-07-24 16:25:24,082 [2.2006024325735543, -0.8138585617433033, -0.37334503898800714]
2026-07-24 16:25:24,084 [-0.75127013864231, 1.6820350946282048, 0.051330152532445106]
2026-07-24 16:25:24,084 [0.05878079214524449, -0.08431433801655057, 1.245787383204053]
2026-07-24 16:25:24,084 Matrix 3:
2026-07-24 16:25:24,084 [1.999969482421875, 0, 0]
2026-07-24 16:25:24,084 [0, 1.999969482421875, 0]
2026-07-24 16:25:24,084 [0, 0, 1.999969482421875]
2026-07-24 16:25:24,085 Final matrix:
2026-07-24 16:25:24,085 [4.401137708090451, -1.627692286494366, -0.7466786843896194]
2026-07-24 16:25:24,085 [-1.5025173503394709, 3.3640188576190004, 0.10265873859295013]
2026-07-24 16:25:24,085 [0.11755979044307244, -0.16862610296370367, 2.491536747994312]
2026-07-24 16:25:24,085 Applying matrix to input curve XYZ values...
2026-07-24 16:25:24,092 Generating input curves...
2026-07-24 16:25:26,019 100%
2026-07-24 16:25:26,019 Generating A2B1 table lookup input values...
2026-07-24 16:25:26,019 cLUT grid res: 33
2026-07-24 16:25:26,019 Looking up input values through A2B1 table (18 workers)...
2026-07-24 16:25:26,022 Using CAM Jab for clipping
2026-07-24 16:25:32,321 100%
2026-07-24 16:25:32,321 Input black XYZ: 0.000610 0.000641 0.000519
2026-07-24 16:25:32,322 Input white XYZ: 0.964203 1.000000 0.824890
2026-07-24 16:25:32,336 Output black RGB: 0.0000 0.0000 0.0003
2026-07-24 16:25:32,336 Output white RGB: 100.0000 100.0000 100.0000
2026-07-24 16:25:32,344 Filling cLUT...
2026-07-24 16:25:32,395 100%
2026-07-24 16:25:32,467 Generating output curves...
2026-07-24 16:25:32,536 Setting curve entry #0 (0.000000 0.000000 0.000000) to black because it got clipped
2026-07-24 16:25:32,538 Setting curve entry #1 (0.000000 0.000000 0.000003) to black because it got clipped
2026-07-24 16:25:32,538 Setting curve entry #4095 (1.000000 1.000000 1.000000) to white because it got clipped
2026-07-24 16:25:32,565 Smoothing B2A1...
2026-07-24 16:25:33,571 Generating B2A0 table by inverting A2B0 table
2026-07-24 16:25:33,571 
2026-07-24 16:25:33,571 Using chromatic adaptation transform matrix: Bradford
2026-07-24 16:25:33,594 Black XYZ: 0.0000 0.0000 0.0000
2026-07-24 16:25:33,595 White XYZ: 0.9642 1.0000 0.8249
2026-07-24 16:25:33,595 R XYZ: 0.5157 0.2365 0.0005
2026-07-24 16:25:33,595 G XYZ: 0.2724 0.6983 0.0457
2026-07-24 16:25:33,595 B XYZ: 0.1588 0.0553 0.7786
2026-07-24 16:25:33,595 Generating input curve PCS values...
2026-07-24 16:25:33,658 Looking up input curve RGB values...
2026-07-24 16:25:33,683 R+G+B XYZ: 0.9654 1.0013 0.8259
2026-07-24 16:25:33,683 Correction factors: 0.9987 0.9987 0.9987
2026-07-24 16:25:33,684 Matrix 1:
2026-07-24 16:25:33,684 [2.201047750833753, -0.8148825061971999, -0.37417609746168096]
2026-07-24 16:25:33,684 [-0.7527178001107445, 1.6826117192986012, 0.050771430180811414]
2026-07-24 16:25:33,684 [0.05785260092972462, -0.08487043963735083, 1.2459946435531728]
2026-07-24 16:25:33,684 Matrix 2:
2026-07-24 16:25:33,686 [2.2038689217779064, -0.8159269737006928, -0.37465569393284137]
2026-07-24 16:25:33,686 [-0.7536825886238586, 1.6847683900436958, 0.05083650595373139]
2026-07-24 16:25:33,686 [0.05792675292244029, -0.08497922147465162, 1.2475916847276005]
2026-07-24 16:25:33,686 Matrix 3:
2026-07-24 16:25:33,686 [1.999969482421875, 0, 0]
2026-07-24 16:25:33,687 [0, 1.999969482421875, 0]
2026-07-24 16:25:33,687 [0, 0, 1.999969482421875]
2026-07-24 16:25:33,687 Final matrix:
2026-07-24 16:25:33,688 [4.407670586813815, -1.6318290472862214, -0.7492999542812732]
2026-07-24 16:25:33,688 [-1.5073421766804374, 3.369485365036426, 0.10167146050042074]
2026-07-24 16:25:33,688 [0.11585173806067274, -0.16995584958927287, 2.495145295978494]
2026-07-24 16:25:33,688 Applying matrix to input curve XYZ values...
2026-07-24 16:25:33,696 Generating input curves...
2026-07-24 16:25:35,640 100%
2026-07-24 16:25:35,641 --------------------------------------------------------------------------------
2026-07-24 16:25:35,641 Creating shaper tags in separate step
2026-07-24 16:25:35,641 Using chromatic adaptation transform matrix: Bradford
2026-07-24 16:25:35,654 Extracting neutrals from c:\users\sizen\appdata\local\temp\DisplayCAL-dxrxrt\G27P #1 2026-07-24 16-10 2.2 F-S XYZLUT+MTX.ti3
2026-07-24 16:25:35,661 NUMBER_OF_FIELDS 7
2026-07-24 16:25:35,661 BEGIN_DATA_FORMAT
2026-07-24 16:25:35,661 SAMPLE_ID RGB_R RGB_G RGB_B XYZ_X XYZ_Y XYZ_Z
2026-07-24 16:25:35,661 END_DATA_FORMAT
2026-07-24 16:25:35,661 
2026-07-24 16:25:35,661 NUMBER_OF_SETS 52
2026-07-24 16:25:35,661 BEGIN_DATA
2026-07-24 16:25:35,661 1 0.0000000 0.0000000 0.0000000 0.0652563 0.0636215 0.0932519
2026-07-24 16:25:35,661 2 1.9608000 1.9608000 1.9608000 0.1244943 0.1211870 0.1819697
2026-07-24 16:25:35,661 3 3.9216000 3.9216000 3.9216000 0.2014638 0.1959900 0.2854165
2026-07-24 16:25:35,661 4 5.8824000 5.8824000 5.8824000 0.2910391 0.2944900 0.4340305
2026-07-24 16:25:35,661 5 7.8431000 7.8431000 7.8431000 0.4164500 0.4153540 0.6121914
2026-07-24 16:25:35,661 6 9.8039000 9.8039000 9.8039000 0.6499266 0.6398040 0.9392481
2026-07-24 16:25:35,661 7 11.765000 11.765000 11.765000 0.9258111 0.9105970 1.3262320
2026-07-24 16:25:35,661 8 13.726000 13.726000 13.726000 1.2866227 1.2498940 1.8475930
2026-07-24 16:25:35,661 9 15.686000 15.686000 15.686000 1.7673920 1.7163940 2.5328525
2026-07-24 16:25:35,661 10 17.647000 17.647000 17.647000 2.3021580 2.2407440 3.2926269
2026-07-24 16:25:35,661 11 19.608000 19.608000 19.608000 2.8851777 2.8111530 4.1269760
2026-07-24 16:25:35,661 12 21.569000 21.569000 21.569000 3.5294759 3.4453040 5.0960997
2026-07-24 16:25:35,661 13 23.529000 23.529000 23.529000 4.1856633 4.0970150 6.0801282
2026-07-24 16:25:35,661 14 25.490000 25.490000 25.490000 4.9877991 4.8921640 7.1065371
2026-07-24 16:25:35,661 15 27.451000 27.451000 27.451000 5.9255170 5.8021540 8.4474030
2026-07-24 16:25:35,661 16 29.412000 29.412000 29.412000 6.9955400 6.8448360 9.9820400
2026-07-24 16:25:35,661 17 31.373000 31.373000 31.373000 8.0166350 7.8353230 11.411870
2026-07-24 16:25:35,661 18 33.333000 33.333000 33.333000 9.1694980 9.0008940 13.035740
2026-07-24 16:25:35,661 19 35.294000 35.294000 35.294000 10.380970 10.127770 14.869390
2026-07-24 16:25:35,661 20 37.255000 37.255000 37.255000 11.832820 11.521250 17.061000
2026-07-24 16:25:35,663 21 39.216000 39.216000 39.216000 13.231630 12.886360 18.996950
2026-07-24 16:25:35,663 22 41.176000 41.176000 41.176000 14.809000 14.447280 20.899190
2026-07-24 16:25:35,663 23 43.137000 43.137000 43.137000 16.349860 15.897580 23.391020
2026-07-24 16:25:35,663 24 45.098000 45.098000 45.098000 17.906040 17.418510 25.595770
2026-07-24 16:25:35,663 25 47.059000 47.059000 47.059000 19.566180 19.055670 28.025160
2026-07-24 16:25:35,663 26 49.020000 49.020000 49.020000 21.291550 20.756040 30.513670
2026-07-24 16:25:35,663 27 50.980000 50.980000 50.980000 23.212710 22.700650 33.210060
2026-07-24 16:25:35,663 28 52.941000 52.941000 52.941000 25.117630 24.616990 36.178680
2026-07-24 16:25:35,663 29 54.902000 54.902000 54.902000 27.168050 26.633330 38.917460
2026-07-24 16:25:35,663 30 56.863000 56.863000 56.863000 29.312450 28.729410 41.699600
2026-07-24 16:25:35,663 31 58.824000 58.824000 58.824000 31.695850 30.803670 45.336640
2026-07-24 16:25:35,663 32 60.784000 60.784000 60.784000 34.104020 33.129590 48.687440
2026-07-24 16:25:35,663 33 62.745000 62.745000 62.745000 36.641440 35.607020 52.353090
2026-07-24 16:25:35,663 34 64.706000 64.706000 64.706000 38.795650 37.801140 55.573740
2026-07-24 16:25:35,663 35 66.667000 66.667000 66.667000 41.457750 40.338630 59.327150
2026-07-24 16:25:35,663 36 68.627000 68.627000 68.627000 44.360980 43.294400 63.545170
2026-07-24 16:25:35,663 37 70.588000 70.588000 70.588000 46.924170 45.660680 67.013060
2026-07-24 16:25:35,663 38 72.549000 72.549000 72.549000 50.042860 48.726520 71.452770
2026-07-24 16:25:35,663 39 74.510000 74.510000 74.510000 53.174720 51.908020 76.240350
2026-07-24 16:25:35,663 40 76.471000 76.471000 76.471000 56.466040 55.073900 80.827260
2026-07-24 16:25:35,663 41 78.431000 78.431000 78.431000 59.712700 58.079800 85.656140
2026-07-24 16:25:35,663 42 80.392000 80.392000 80.392000 63.153380 61.612900 90.301780
2026-07-24 16:25:35,663 43 82.353000 82.353000 82.353000 66.559310 64.948810 95.098250
2026-07-24 16:25:35,663 44 84.314000 84.314000 84.314000 70.156770 68.371790 100.08670
2026-07-24 16:25:35,663 45 86.275000 86.275000 86.275000 74.170430 72.301200 105.77740
2026-07-24 16:25:35,663 46 88.235000 88.235000 88.235000 77.818340 75.814790 111.41480
2026-07-24 16:25:35,663 47 90.196000 90.196000 90.196000 81.778330 79.775470 116.62360
2026-07-24 16:25:35,663 48 92.157000 92.157000 92.157000 85.934960 83.861070 122.47780
2026-07-24 16:25:35,663 49 94.118000 94.118000 94.118000 89.853650 87.645810 128.51770
2026-07-24 16:25:35,663 50 96.078000 96.078000 96.078000 94.482490 92.256720 134.51380
2026-07-24 16:25:35,663 51 98.039000 98.039000 98.039000 98.457810 95.997440 140.91460
2026-07-24 16:25:35,663 52 100.00000 100.00000 100.00000 102.56950 100.00000 146.57300
2026-07-24 16:25:35,663 END_DATA
2026-07-24 16:25:35,663 --------------------------------------------------------------------------------
2026-07-24 16:25:35,921 Black relative luminance = 0.000636
2026-07-24 16:25:35,921 Black output offset = 1.00
2026-07-24 16:25:35,921 Calibration gamma = 2.20 relative
2026-07-24 16:25:35,921 Calibration overall transfer function ≈ Gamma 2.20 100% (Δ 0.00%)
2026-07-24 16:25:35,924 Calibration effective gamma = 2.20
2026-07-24 16:25:35,950 Transfer function R ≈ Gamma 2.20 100% (Δ 1.55%)
2026-07-24 16:25:35,950 Effective gamma = 2.20
2026-07-24 16:25:35,950 Got good match (+-2%)
2026-07-24 16:25:35,950 Using calibration transfer function
2026-07-24 16:25:35,979 Transfer function G ≈ Gamma 2.20 100% (Δ 1.55%)
2026-07-24 16:25:35,979 Effective gamma = 2.20
2026-07-24 16:25:35,979 Got good match (+-2%)
2026-07-24 16:25:35,979 Using calibration transfer function
2026-07-24 16:25:36,006 Transfer function B ≈ Gamma 2.20 100% (Δ 1.55%)
2026-07-24 16:25:36,007 Effective gamma = 2.20
2026-07-24 16:25:36,007 Got good match (+-2%)
2026-07-24 16:25:36,007 Using calibration transfer function
2026-07-24 16:25:36,007 Using transfer function for R: Gamma 2.20
2026-07-24 16:25:36,007 Effective gamma = 2.20
2026-07-24 16:25:36,007 Using transfer function for G: Gamma 2.20
2026-07-24 16:25:36,007 Effective gamma = 2.20
2026-07-24 16:25:36,007 Using transfer function for B: Gamma 2.20
2026-07-24 16:25:36,007 Effective gamma = 2.20
2026-07-24 16:25:36,009 Adding rTRC from interpolation to G27P #1 2026-07-24 16-10 2.2 F-S XYZLUT+MTX
2026-07-24 16:25:36,009 Adding gTRC from interpolation to G27P #1 2026-07-24 16-10 2.2 F-S XYZLUT+MTX
2026-07-24 16:25:36,009 Adding bTRC from interpolation to G27P #1 2026-07-24 16-10 2.2 F-S XYZLUT+MTX
2026-07-24 16:25:36,206 --------------------------------------------------------------------------------
2026-07-24 16:25:36,207 Working directory:
2026-07-24 16:25:36,207   c:\
2026-07-24 16:25:36,207    users\
2026-07-24 16:25:36,207     sizen\
2026-07-24 16:25:36,207      appdata\
2026-07-24 16:25:36,207       local\
2026-07-24 16:25:36,207        temp\
2026-07-24 16:25:36,209         DisplayCAL-dxrxrt\
2026-07-24 16:25:36,209 
2026-07-24 16:25:36,209 Command line:
2026-07-24 16:25:36,209   C:\Users\sizen\AppData\Roaming\DisplayCAL\ArgyllCMS\bin\profcheck.exe
2026-07-24 16:25:36,209     "G27P #1 2026-07-24 16-10 2.2 F-S XYZLUT+MTX.ti3"
2026-07-24 16:25:36,209     "G27P #1 2026-07-24 16-10 2.2 F-S XYZLUT+MTX.icm"
2026-07-24 16:25:36,209 
2026-07-24 16:25:36,492 Profile check complete, errors: max. = 3.213092, avg. = 0.142582, RMS = 0.341101
2026-07-24 16:25:36,492 profcheck exitcode: 0
2026-07-24 16:25:36,492 --------------------------------------------------------------------------------
2026-07-24 16:25:36,492 Generating gamut views...
2026-07-24 16:25:37,243 --------------------------------------------------------------------------------
2026-07-24 16:25:37,243 Working directory:
2026-07-24 16:25:37,246   c:\
2026-07-24 16:25:37,246    users\
2026-07-24 16:25:37,246     sizen\
2026-07-24 16:25:37,246      appdata\
2026-07-24 16:25:37,246       local\
2026-07-24 16:25:37,246        temp\
2026-07-24 16:25:37,246         DisplayCAL-dxrxrt\
2026-07-24 16:25:37,246 
2026-07-24 16:25:37,246 Command line:
2026-07-24 16:25:37,246   C:\Users\sizen\AppData\Roaming\DisplayCAL\ArgyllCMS\bin\iccgamut.exe
2026-07-24 16:25:37,246     -v
2026-07-24 16:25:37,246     -w
2026-07-24 16:25:37,246     -ir
2026-07-24 16:25:37,246     -ff
2026-07-24 16:25:37,246     -on
2026-07-24 16:25:37,246     -d10.00
2026-07-24 16:25:37,246     "G27P #1 2026-07-24 16-10 2.2 F-S XYZLUT+MTX.icm"
2026-07-24 16:25:37,246 
2026-07-24 16:25:37,539 Header:
2026-07-24 16:25:37,539   Profile size    = 941936 bytes
2026-07-24 16:25:37,539   CMM             = 'argl'
2026-07-24 16:25:37,539   Version         = 2.2.0
2026-07-24 16:25:37,539   Device Class    = Display
2026-07-24 16:25:37,539   Color Space     = RGB
2026-07-24 16:25:37,539   Conn. Space     = XYZ
2026-07-24 16:25:37,539   UTC Date&Time   = 24 Jul 2026, 16:25:16
2026-07-24 16:25:37,539   Local Date&Time = 24 Jul 2026, 23:25:16
2026-07-24 16:25:37,539   Platform        = Microsoft
2026-07-24 16:25:37,539   Flags           = Not Embedded Profile, Use anywhere
2026-07-24 16:25:37,539   Dev. Mnfctr.    = 0x0
2026-07-24 16:25:37,539   Dev. Model      = 0x0
2026-07-24 16:25:37,539   Dev. Attrbts    = Reflective, Glossy, Positive, Color
2026-07-24 16:25:37,539   Rndrng Intnt    = Perceptual
2026-07-24 16:25:37,539   Illuminant      = 0.96420288, 1.00000000, 0.82490540    [Lab 100.000000, 0.000000, 0.000000]
2026-07-24 16:25:37,539   Creator         = 'DCAL'
2026-07-24 16:25:37,539 
2026-07-24 16:25:37,539  Colorspace white/black are 100.000000 0.000000 0.000000, 0.579083 -0.003083 0.009233
2026-07-24 16:25:37,539  Gamut white/black are      100.000000 0.000000 0.000000, 0.579083 -0.003083 0.009233
2026-07-24 16:25:37,539 
2026-07-24 16:25:37,539 Total volume of gamut is 1278068.734689 cubic colorspace units
2026-07-24 16:25:37,542 iccgamut exitcode: 0
2026-07-24 16:25:38,367 --------------------------------------------------------------------------------
2026-07-24 16:25:38,368 Command line:
2026-07-24 16:25:38,368   C:\Users\sizen\AppData\Roaming\DisplayCAL\ArgyllCMS\bin\viewgam.exe
2026-07-24 16:25:38,368     -cw
2026-07-24 16:25:38,368     -t0
2026-07-24 16:25:38,368     -w
2026-07-24 16:25:38,368     "C:\Program Files (x86)\DisplayCAL\ref\sRGB.gam"
2026-07-24 16:25:38,368     -cn
2026-07-24 16:25:38,368     -t.3
2026-07-24 16:25:38,368     -s
2026-07-24 16:25:38,369     "G27P #1 2026-07-24 16-10 2.2 F-S XYZLUT+MTX.gam"
2026-07-24 16:25:38,369     -i
2026-07-24 16:25:38,369     "G27P #1 2026-07-24 16-10 2.2 F-S XYZLUT+MTX vs sRGB.wrl"
2026-07-24 16:25:38,369 
2026-07-24 16:25:38,369 Intersecting volume = 831977.4 cubic units
2026-07-24 16:25:38,369 'C:\Program Files (x86)\DisplayCAL\ref\sRGB.gam' volume = 833675.1 cubic units, intersect = 99.80%
2026-07-24 16:25:38,369 'G27P #1 2026-07-24 16-10 2.2 F-S XYZLUT+MTX.gam' volume = 1278068.8 cubic units, intersect = 65.10%
2026-07-24 16:25:38,586 --------------------------------------------------------------------------------
2026-07-24 16:25:38,586 Command line:
2026-07-24 16:25:38,586   C:\Users\sizen\AppData\Roaming\DisplayCAL\ArgyllCMS\bin\viewgam.exe
2026-07-24 16:25:38,586     -cw
2026-07-24 16:25:38,588     -t0
2026-07-24 16:25:38,588     -w
2026-07-24 16:25:38,588     "C:\Program Files (x86)\DisplayCAL\ref\ClayRGB1998.gam"
2026-07-24 16:25:38,588     -cn
2026-07-24 16:25:38,588     -t.3
2026-07-24 16:25:38,588     -s
2026-07-24 16:25:38,588     "G27P #1 2026-07-24 16-10 2.2 F-S XYZLUT+MTX.gam"
2026-07-24 16:25:38,588     -i
2026-07-24 16:25:38,588     "G27P #1 2026-07-24 16-10 2.2 F-S XYZLUT+MTX vs ClayRGB1998.wrl"
2026-07-24 16:25:38,588 
2026-07-24 16:25:38,588 Intersecting volume = 1068943.8 cubic units
2026-07-24 16:25:38,588 'C:\Program Files (x86)\DisplayCAL\ref\ClayRGB1998.gam' volume = 1209985.9 cubic units, intersect = 88.34%
2026-07-24 16:25:38,588 'G27P #1 2026-07-24 16-10 2.2 F-S XYZLUT+MTX.gam' volume = 1278068.8 cubic units, intersect = 83.64%
2026-07-24 16:25:38,588 --------------------------------------------------------------------------------
2026-07-24 16:25:38,588 Command line:
2026-07-24 16:25:38,588   C:\Users\sizen\AppData\Roaming\DisplayCAL\ArgyllCMS\bin\viewgam.exe
2026-07-24 16:25:38,588     -cw
2026-07-24 16:25:38,588     -t0
2026-07-24 16:25:38,588     -w
2026-07-24 16:25:38,591     "C:\Program Files (x86)\DisplayCAL\ref\SMPTE431_P3.gam"
2026-07-24 16:25:38,591     -cn
2026-07-24 16:25:38,591     -t.3
2026-07-24 16:25:38,591     -s
2026-07-24 16:25:38,591     "G27P #1 2026-07-24 16-10 2.2 F-S XYZLUT+MTX.gam"
2026-07-24 16:25:38,591     -i
2026-07-24 16:25:38,591     "G27P #1 2026-07-24 16-10 2.2 F-S XYZLUT+MTX vs SMPTE431_P3.wrl"
2026-07-24 16:25:38,591 
2026-07-24 16:25:38,592 Intersecting volume = 1161364.2 cubic units
2026-07-24 16:25:38,592 'C:\Program Files (x86)\DisplayCAL\ref\SMPTE431_P3.gam' volume = 1176953.5 cubic units, intersect = 98.68%
2026-07-24 16:25:38,592 'G27P #1 2026-07-24 16-10 2.2 F-S XYZLUT+MTX.gam' volume = 1278068.8 cubic units, intersect = 90.87%
2026-07-24 16:25:38,696 --------------------------------------------------------------------------------
