2026-07-24 17:23:31,778 --------------------------------------------------------------------------------
2026-07-24 17:23:31,779 Working directory:
2026-07-24 17:23:31,779   c:\
2026-07-24 17:23:31,779    users\
2026-07-24 17:23:31,779     sizen\
2026-07-24 17:23:31,779      appdata\
2026-07-24 17:23:31,779       local\
2026-07-24 17:23:31,780        temp\
2026-07-24 17:23:31,780         DisplayCAL-fhywom\
2026-07-24 17:23:31,780 
2026-07-24 17:23:31,780 Command line:
2026-07-24 17:23:31,780   C:\Users\sizen\AppData\Roaming\DisplayCAL\ArgyllCMS\bin\dispcal.exe
2026-07-24 17:23:31,780     -v2
2026-07-24 17:23:31,780     -d1
2026-07-24 17:23:31,780     -c1
2026-07-24 17:23:31,780     -yb
2026-07-24 17:23:31,782     "-P0.506756756757,0.544817927171,1.0"
2026-07-24 17:23:31,782     -F
2026-07-24 17:23:31,782     -N
2026-07-24 17:23:31,782     -ql
2026-07-24 17:23:31,782     -m
2026-07-24 17:23:31,782     -t
2026-07-24 17:23:31,782     -g2.2
2026-07-24 17:23:31,782     -f1.0
2026-07-24 17:23:31,782     -k0
2026-07-24 17:23:31,782     -A4.0
2026-07-24 17:23:31,782     -b
2026-07-24 17:23:31,783     "UltraFine #1 2026-07-24 17-22 2.2 F-S XYZLUT+MTX"
2026-07-24 17:23:31,783 
2026-07-24 17:23:32,006 DisplayCAL: Starting interaction with subprocess
2026-07-24 17:23:44,183 Setting up the instrument
2026-07-24 17:23:44,700 Instrument Type:   Datacolor SpyderX
2026-07-24 17:23:44,700 Serial Number:     60175226
2026-07-24 17:23:44,700 Hardware version:  2.07
2026-07-24 17:23:45,009 Place instrument on test window.
2026-07-24 17:23:45,009 DisplayCAL: Waiting for send buffer
2026-07-24 17:23:45,012 DisplayCAL: SpyderX cal time_t size = 8
2026-07-24 17:23:45,012 DisplayCAL: SpyderX sensor cal 5 5 5
2026-07-24 17:23:45,012 DisplayCAL: Detected instrument placement (screen/spot) message
2026-07-24 17:23:46,523 DisplayCAL: Skipping place instrument on screen message...
2026-07-24 17:23:46,538 DisplayCAL: Sending buffer: ' '
2026-07-24 17:23:46,538 Hit Esc or Q to give up, any other key to continue:
2026-07-24 17:23:46,829 Display type is 'b'
2026-07-24 17:23:46,832 Target white = native white point
2026-07-24 17:23:46,832 Target white brightness = native brightness
2026-07-24 17:23:46,832 Target black brightness = native brightness
2026-07-24 17:23:46,832 Black point device hack is enabled
2026-07-24 17:23:46,832 Target advertised gamma = 2.200000
2026-07-24 17:23:46,832 Commencing display calibration
2026-07-24 17:24:02,380 Patch 9 of 9
2026-07-24 17:24:02,380 Black = XYZ 0.1505 0.1463 0.2755
2026-07-24 17:24:02,381 Red   = XYZ 91.046 41.764  0.940
2026-07-24 17:24:02,381 Green = XYZ 49.447 132.038  8.482
2026-07-24 17:24:02,381 Blue  = XYZ 40.041 13.018 212.338
2026-07-24 17:24:02,381 White = XYZ 179.243 185.685 220.151
2026-07-24 17:25:23,594 Patch 48 of 48
2026-07-24 17:25:23,653 
2026-07-24 17:25:23,653 Initial native brightness target = 185.684988 cd/m^2
2026-07-24 17:25:23,653 Target white value is XYZ 179.242946 185.684988 220.150574 [xy 0.306357 0.317368]
2026-07-24 17:25:23,653 Adjusted target black XYZ 0.1505 0.1463 0.2755, Lab 0.712 0.202 -0.723
2026-07-24 17:25:23,653 Target black after min adjust: XYZ 0.1505 0.1463 0.2755, Lab 0.712 0.202 -0.723
2026-07-24 17:25:23,653 Gamma curve input offset = 0.000000, output offset = 0.000788, power = 2.204094
2026-07-24 17:25:23,654 Total Iteration 2, Final Samples = 32 Final Repeat threshold = 0.900000
2026-07-24 17:25:23,654 Creating initial calibration curves...
2026-07-24 17:25:23,668 
2026-07-24 17:25:23,668 Doing iteration 1/2 with 16 sample points and repeat threshold of 1.272792 DE
2026-07-24 17:25:25,157 Patch 1 of 16 DE 0.000000, W.DE 0.000000, OK ( < 1.272792)
2026-07-24 17:25:26,753 Patch 2 of 16 DE 0.597622, W.DE 0.597622, OK ( < 1.272792)
2026-07-24 17:25:28,354 Patch 3 of 16 DE 0.213572, W.DE 0.213572, OK ( < 1.272792)
2026-07-24 17:25:29,947 Patch 4 of 16 DE 0.745951, W.DE 0.745951, OK ( < 1.272792)
2026-07-24 17:25:31,552 Patch 5 of 16 DE 0.818515, W.DE 0.818515, OK ( < 1.272792)
2026-07-24 17:25:33,142 Patch 6 of 16 DE 1.506997, W.DE 1.506997, Repeat
2026-07-24 17:25:34,684 Patch 6 of 16 DE 0.825957, W.DE 0.825957, OK ( < 1.272792)
2026-07-24 17:25:36,266 Patch 7 of 16 DE 1.447570, W.DE 1.447570, Repeat
2026-07-24 17:25:37,822 Patch 7 of 16 DE 0.599370, W.DE 0.599370, OK ( < 1.272792)
2026-07-24 17:25:39,424 Patch 8 of 16 DE 1.579476, W.DE 1.579476, Repeat
2026-07-24 17:25:40,957 Patch 8 of 16 DE 0.808032, W.DE 0.808032, OK ( < 1.272792)
2026-07-24 17:25:42,536 Patch 9 of 16 DE 1.132386, W.DE 1.132386, OK ( < 1.272792)
2026-07-24 17:25:44,130 Patch 10 of 16 DE 0.788384, W.DE 0.788384, OK ( < 1.272792)
2026-07-24 17:25:45,719 Patch 11 of 16 DE 1.165271, W.DE 1.165271, OK ( < 1.272792)
2026-07-24 17:25:47,305 Patch 12 of 16 DE 2.685609, W.DE 2.685609, Repeat
2026-07-24 17:25:48,948 Patch 12 of 16 DE 0.292690, W.DE 0.292690, OK ( < 1.272792)
2026-07-24 17:25:50,552 Patch 13 of 16 DE 1.608016, W.DE 1.608016, Repeat
2026-07-24 17:25:52,176 Patch 13 of 16 DE 0.980979, W.DE 0.980979, OK ( < 1.272792)
2026-07-24 17:25:53,767 Patch 14 of 16 DE 0.371760, W.DE 0.371760, OK ( < 1.272792)
2026-07-24 17:25:55,319 Patch 15 of 16 DE 0.223373, W.DE 39.581320, Repeat
2026-07-24 17:25:56,838 Patch 15 of 16 DE 0.154866, W.DE 19.416109, Repeat
2026-07-24 17:26:03,306 Patch 15 of 16 DE 0.154866, W.DE 19.416109, Repeat
2026-07-24 17:26:04,877 Patch 15 of 16 DE 0.228139, W.DE 19.284459, Repeat
2026-07-24 17:26:06,377 Patch 15 of 16 DE 0.307564, W.DE 0.307564, OK ( < 1.272792)
2026-07-24 17:26:07,934 Patch 16 of 16 DE 0.126135, W.DE 126.134577, Repeat
2026-07-24 17:26:14,407 Patch 16 of 16 DE 0.126135, W.DE 126.134577, Repeat
2026-07-24 17:26:15,986 Patch 16 of 16 DE 0.072183, W.DE 72.183330, Repeat
2026-07-24 17:26:17,496 Patch 16 of 16 DE 0.007780, W.DE 7.779581, Repeat
2026-07-24 17:26:18,967 Patch 16 of 16 DE 0.004147, W.DE 4.146529, Repeat
2026-07-24 17:26:20,459 Patch 16 of 16 DE 0.004147, W.DE 4.146529, Repeat
2026-07-24 17:26:21,930 Patch 16 of 16 DE 0.007780, W.DE 7.779581, Repeat (got worse)
2026-07-24 17:26:23,408 Patch 16 of 16 DE 0.004147, W.DE 4.146529, Repeat
2026-07-24 17:26:24,894 Patch 16 of 16 DE 0.004147, W.DE 4.146529, Repeat
2026-07-24 17:26:26,384 Patch 16 of 16 DE 0.004147, W.DE 4.146529, Fail ( > 1.272792)
2026-07-24 17:26:26,384 
2026-07-24 17:26:26,384 Brightness error = 0.000000 cd/m^2 (is 185.314687, should be 185.314687)
2026-07-24 17:26:26,384 White point error = 0.000000 deltaE
2026-07-24 17:26:26,384 Maximum neutral error (@ 0.076146) = 1.245368 deltaE
2026-07-24 17:26:26,387 Average neutral error = 0.695454 deltaE
2026-07-24 17:26:26,387 Failed to meet target 1.272792 delta E, got worst case 4.146529
2026-07-24 17:26:26,387 Number of measurements taken = 40
2026-07-24 17:26:26,387 Computing update to calibration curves...
2026-07-24 17:26:26,395 
2026-07-24 17:26:26,395 Doing iteration 2/2 with 32 sample points and repeat threshold of 0.900000 DE
2026-07-24 17:26:28,170 Patch 1 of 32 DE 0.000000, W.DE 0.000000, W.peqDE 0.000000, OK ( < 0.900000)
2026-07-24 17:26:29,756 Patch 2 of 32 DE 1.976767, W.DE 1.976767, peqDE 1.976766, Repeat
2026-07-24 17:26:31,305 Patch 2 of 32 DE 0.209969, W.DE 0.209969, W.peqDE 0.209967, OK ( < 0.900000)
2026-07-24 17:26:32,888 Patch 3 of 32 DE 0.977731, W.DE 0.977731, peqDE 0.819157, Repeat
2026-07-24 17:26:34,431 Patch 3 of 32 DE 0.113584, W.DE 0.113584, W.peqDE 0.285406, OK ( < 0.900000)
2026-07-24 17:26:36,007 Patch 4 of 32 DE 1.114270, W.DE 1.114270, peqDE 1.046416, Repeat
2026-07-24 17:26:37,536 Patch 4 of 32 DE 0.821411, W.DE 0.821411, W.peqDE 0.884217, OK ( < 0.900000)
2026-07-24 17:26:39,109 Patch 5 of 32 DE 0.449092, W.DE 0.449092, peqDE 1.241717, Repeat
2026-07-24 17:26:45,546 Patch 5 of 32 DE 0.453469, W.DE 0.453469, peqDE 1.221922, Repeat
2026-07-24 17:26:47,214 Patch 5 of 32 DE 0.266194, W.DE 0.266194, W.peqDE 0.736399, OK ( < 0.900000)
2026-07-24 17:26:48,815 Patch 6 of 32 DE 0.892990, W.DE 0.892990, W.peqDE 0.757316, OK ( < 0.900000)
2026-07-24 17:26:50,391 Patch 7 of 32 DE 0.563505, W.DE 0.563505, peqDE 1.152702, Repeat
2026-07-24 17:26:51,930 Patch 7 of 32 DE 0.181294, W.DE 0.181294, W.peqDE 0.739831, OK ( < 0.900000)
2026-07-24 17:26:53,519 Patch 8 of 32 DE 0.622065, W.DE 0.622065, W.peqDE 0.679387, OK ( < 0.900000)
2026-07-24 17:26:55,095 Patch 9 of 32 DE 0.837278, W.DE 0.837278, W.peqDE 0.784634, OK ( < 0.900000)
2026-07-24 17:26:56,674 Patch 10 of 32 DE 0.707731, W.DE 0.707731, peqDE 0.959742, Repeat
2026-07-24 17:27:03,095 Patch 10 of 32 DE 0.646548, W.DE 0.646548, peqDE 1.057695, Repeat
2026-07-24 17:27:04,756 Patch 10 of 32 DE 0.844943, W.DE 0.844943, W.peqDE 0.416651, OK ( < 0.900000)
2026-07-24 17:27:06,328 Patch 11 of 32 DE 0.305701, W.DE 0.305701, W.peqDE 0.831806, OK ( < 0.900000)
2026-07-24 17:27:07,907 Patch 12 of 32 DE 1.019343, W.DE 1.019343, peqDE 1.080426, Repeat
2026-07-24 17:27:09,440 Patch 12 of 32 DE 0.584647, W.DE 0.584647, W.peqDE 0.505622, OK ( < 0.900000)
2026-07-24 17:27:11,022 Patch 13 of 32 DE 0.285608, W.DE 0.285608, W.peqDE 0.649795, OK ( < 0.900000)
2026-07-24 17:27:12,591 Patch 14 of 32 DE 0.550964, W.DE 0.550964, W.peqDE 0.594489, OK ( < 0.900000)
2026-07-24 17:27:14,180 Patch 15 of 32 DE 0.585284, W.DE 0.585284, W.peqDE 0.444978, OK ( < 0.900000)
2026-07-24 17:27:15,746 Patch 16 of 32 DE 0.798585, W.DE 0.798585, W.peqDE 0.302830, OK ( < 0.900000)
2026-07-24 17:27:17,325 Patch 17 of 32 DE 1.681089, W.DE 1.681089, peqDE 1.098658, Repeat
2026-07-24 17:27:18,848 Patch 17 of 32 DE 0.228544, W.DE 0.228544, W.peqDE 0.827959, OK ( < 0.900000)
2026-07-24 17:27:20,424 Patch 18 of 32 DE 1.003229, W.DE 1.003229, peqDE 1.059350, Repeat
2026-07-24 17:27:21,960 Patch 18 of 32 DE 0.556001, W.DE 0.556001, W.peqDE 0.761914, OK ( < 0.900000)
2026-07-24 17:27:23,539 Patch 19 of 32 DE 1.921228, W.DE 1.921228, peqDE 1.416077, Repeat
2026-07-24 17:27:25,078 Patch 19 of 32 DE 0.363137, W.DE 0.363137, W.peqDE 0.844040, OK ( < 0.900000)
2026-07-24 17:27:26,667 Patch 20 of 32 DE 1.072261, W.DE 1.072261, peqDE 1.402706, Repeat
2026-07-24 17:27:28,188 Patch 20 of 32 DE 0.248068, W.DE 0.248068, W.peqDE 0.175538, OK ( < 0.900000)
2026-07-24 17:27:29,753 Patch 21 of 32 DE 0.331566, W.DE 0.331566, W.peqDE 0.222756, OK ( < 0.900000)
2026-07-24 17:27:31,328 Patch 22 of 32 DE 1.210438, W.DE 1.210438, peqDE 1.400986, Repeat
2026-07-24 17:27:32,940 Patch 22 of 32 DE 0.172736, W.DE 0.172736, W.peqDE 0.114638, OK ( < 0.900000)
2026-07-24 17:27:34,525 Patch 23 of 32 DE 0.707603, W.DE 0.707603, W.peqDE 0.685401, OK ( < 0.900000)
2026-07-24 17:27:36,108 Patch 24 of 32 DE 0.874068, W.DE 0.874068, peqDE 0.970365, Repeat
2026-07-24 17:27:37,700 Patch 24 of 32 DE 0.452987, W.DE 0.452987, W.peqDE 0.535564, OK ( < 0.900000)
2026-07-24 17:27:39,292 Patch 25 of 32 DE 0.880410, W.DE 0.880410, W.peqDE 0.779718, OK ( < 0.900000)
2026-07-24 17:27:40,865 Patch 26 of 32 DE 0.836402, W.DE 0.836402, peqDE 0.712691, Repeat
2026-07-24 17:27:42,467 Patch 26 of 32 DE 0.287759, W.DE 0.287759, W.peqDE 0.599996, OK ( < 0.654025)
2026-07-24 17:27:44,051 Patch 27 of 32 DE 0.424151, W.DE 0.424151, peqDE 0.390125, Repeat
2026-07-24 17:27:50,607 Patch 27 of 32 DE 0.364561, W.DE 0.364561, W.peqDE 0.323637, OK ( < 0.395307)
2026-07-24 17:27:52,194 Patch 28 of 32 DE 0.444379, W.DE 0.444379, peqDE 0.212135, Repeat
2026-07-24 17:27:58,687 Patch 28 of 32 DE 0.448149, W.DE 0.448149, peqDE 0.141649, Repeat
2026-07-24 17:28:00,273 Patch 28 of 32 DE 0.181756, W.DE 0.181756, peqDE 0.485101, Repeat
2026-07-24 17:28:01,749 Patch 28 of 32 DE 0.146229, W.DE 0.146229, W.peqDE 0.179278, OK ( < 0.250000)
2026-07-24 17:28:03,299 Patch 29 of 32 DE 0.380508, W.DE 6.730177, peqDE 6.723939, Repeat
2026-07-24 17:28:04,802 Patch 29 of 32 DE 0.374009, W.DE 1.865509, peqDE 1.849275, Repeat
2026-07-24 17:28:11,266 Patch 29 of 32 DE 0.374009, W.DE 1.865509, peqDE 1.849275, Repeat
2026-07-24 17:28:12,839 Patch 29 of 32 DE 0.115822, W.DE 2.106767, peqDE 2.114894, Repeat
2026-07-24 17:28:14,332 Patch 29 of 32 DE 0.149121, W.DE 2.075020, peqDE 2.074157, Repeat
2026-07-24 17:28:15,825 Patch 29 of 32 DE 0.315101, W.DE 2.366673, peqDE 2.385829, Repeat
2026-07-24 17:28:17,332 Patch 29 of 32 DE 0.115822, W.DE 2.106767, peqDE 2.114894, Repeat
2026-07-24 17:28:18,832 Patch 29 of 32 DE 0.315101, W.DE 2.366673, peqDE 2.385829, Repeat
2026-07-24 17:28:20,361 Patch 29 of 32 DE 0.411222, W.DE 0.411222, peqDE 0.363879, Repeat
2026-07-24 17:28:21,908 Patch 29 of 32 DE 0.411222, W.DE 0.411222, W.peqDE 0.363879, Fail ( > 0.250000)
2026-07-24 17:28:23,444 Patch 30 of 32 DE 0.375004, W.DE 24.280949, peqDE 24.281120, Repeat
2026-07-24 17:28:29,911 Patch 30 of 32 DE 0.375004, W.DE 24.280949, peqDE 24.281120, Repeat
2026-07-24 17:28:31,492 Patch 30 of 32 DE 0.362987, W.DE 3.912952, peqDE 3.896354, Repeat
2026-07-24 17:28:33,003 Patch 30 of 32 DE 0.375004, W.DE 24.280949, peqDE 3.896354, Repeat (got worse)
2026-07-24 17:28:34,490 Patch 30 of 32 DE 0.207684, W.DE 25.436689, peqDE 25.441272, Repeat
2026-07-24 17:28:35,979 Patch 30 of 32 DE 0.080281, W.DE 4.912183, peqDE 4.932427, Repeat
2026-07-24 17:28:37,466 Patch 30 of 32 DE 0.080281, W.DE 4.912183, peqDE 4.932427, Repeat
2026-07-24 17:28:38,951 Patch 30 of 32 DE 0.312993, W.DE 3.766765, peqDE 3.763367, Repeat
2026-07-24 17:28:40,470 Patch 30 of 32 DE 0.080281, W.DE 4.912183, peqDE 4.932427, Repeat
2026-07-24 17:28:41,956 Patch 30 of 32 DE 0.312993, W.DE 3.766765, W.peqDE 3.763367, Fail ( > 0.250000)
2026-07-24 17:28:43,496 Patch 31 of 32 DE 0.366548, W.DE 0.366548, peqDE 0.134390, Repeat
2026-07-24 17:28:49,921 Patch 31 of 32 DE 0.303714, W.DE 0.303714, peqDE 0.113620, Repeat
2026-07-24 17:28:51,486 Patch 31 of 32 DE 0.122166, W.DE 48.056160, peqDE 0.113620, Repeat (got worse)
2026-07-24 17:28:52,967 Patch 31 of 32 DE 0.122166, W.DE 48.056160, peqDE 0.113620, Repeat (got worse)
2026-07-24 17:28:54,460 Patch 31 of 32 DE 0.122166, W.DE 48.056160, peqDE 0.113620, Repeat (got worse)
2026-07-24 17:28:55,941 Patch 31 of 32 DE 0.303714, W.DE 0.303714, peqDE 0.113620, Repeat
2026-07-24 17:28:57,438 Patch 31 of 32 DE 0.122166, W.DE 48.056160, peqDE 0.113620, Repeat (got worse)
2026-07-24 17:28:58,930 Patch 31 of 32 DE 0.122166, W.DE 48.056160, peqDE 0.113620, Repeat (got worse)
2026-07-24 17:29:00,415 Patch 31 of 32 DE 0.122166, W.DE 48.056160, peqDE 0.113620, Repeat (got worse)
2026-07-24 17:29:01,908 Patch 31 of 32 DE 0.303714, W.DE 0.303714, W.peqDE 0.113620, Fail ( > 0.250000)
2026-07-24 17:29:03,433 Patch 32 of 32 DE 0.007774, W.DE 7.774352, peqDE 7.774352, Repeat
2026-07-24 17:29:09,839 Patch 32 of 32 DE 0.007774, W.DE 7.774352, peqDE 7.774352, Repeat
2026-07-24 17:29:11,410 Patch 32 of 32 DE 0.007774, W.DE 7.774352, peqDE 7.774352, Repeat
2026-07-24 17:29:12,878 Patch 32 of 32 DE 0.004139, W.DE 4.139069, peqDE 4.139069, Repeat
2026-07-24 17:29:14,358 Patch 32 of 32 DE 0.004139, W.DE 4.139069, peqDE 4.139069, Repeat
2026-07-24 17:29:15,829 Patch 32 of 32 DE 0.007774, W.DE 7.774352, peqDE 7.774352, Repeat (got worse)
2026-07-24 17:29:17,312 Patch 32 of 32 DE 0.007774, W.DE 7.774352, peqDE 7.774352, Repeat (got worse)
2026-07-24 17:29:18,799 Patch 32 of 32 DE 0.004139, W.DE 4.139069, peqDE 4.139069, Repeat
2026-07-24 17:29:20,270 Patch 32 of 32 DE 0.007774, W.DE 7.774352, peqDE 7.774352, Repeat (got worse)
2026-07-24 17:29:21,760 Patch 32 of 32 DE 0.004139, W.DE 4.139069, W.peqDE 4.139069, Fail ( > 0.250000)
2026-07-24 17:29:21,760 
2026-07-24 17:29:21,760 Brightness error = 0.000000 cd/m^2 (is 185.200958, should be 185.200958)
2026-07-24 17:29:21,760 White point error = 0.000000 deltaE
2026-07-24 17:29:21,760 Maximum neutral error (@ 0.754707) = 0.892335 deltaE
2026-07-24 17:29:21,762 Average neutral error = 0.450283 deltaE
2026-07-24 17:29:21,762 Failed to meet target 0.900000 delta E, got worst case 4.146529
2026-07-24 17:29:21,762 Number of measurements taken = 112
2026-07-24 17:29:21,762 Computing update to calibration curves...
2026-07-24 17:29:21,776 The instrument can be removed from the screen.
2026-07-24 17:29:21,815 Written calibration file 'UltraFine #1 2026-07-24 17-22 2.2 F-S XYZLUT+MTX.cal'
2026-07-24 17:29:21,918 DisplayCAL: Reached EOF (OK)
2026-07-24 17:29:21,921 dispcal exitcode: 0
2026-07-24 17:29:21,959 --------------------------------------------------------------------------------
2026-07-24 17:29:21,959 Working directory:
2026-07-24 17:29:21,959   c:\
2026-07-24 17:29:21,959    users\
2026-07-24 17:29:21,959     sizen\
2026-07-24 17:29:21,959      appdata\
2026-07-24 17:29:21,959       local\
2026-07-24 17:29:21,960        temp\
2026-07-24 17:29:21,960         DisplayCAL-fhywom\
2026-07-24 17:29:21,960 
2026-07-24 17:29:21,960 Command line:
2026-07-24 17:29:21,960   C:\Users\sizen\AppData\Roaming\DisplayCAL\ArgyllCMS\bin\dispread.exe
2026-07-24 17:29:21,960     -v
2026-07-24 17:29:21,960     -d1
2026-07-24 17:29:21,960     -c1
2026-07-24 17:29:21,960     -yb
2026-07-24 17:29:21,960     "-P0.506756756757,0.544817927171,1.0"
2026-07-24 17:29:21,961     -F
2026-07-24 17:29:21,961     -N
2026-07-24 17:29:21,961     -k
2026-07-24 17:29:21,961     "UltraFine #1 2026-07-24 17-22 2.2 F-S XYZLUT+MTX.cal"
2026-07-24 17:29:21,961     "UltraFine #1 2026-07-24 17-22 2.2 F-S XYZLUT+MTX"
2026-07-24 17:29:21,961 
2026-07-24 17:29:22,186 DisplayCAL: Starting interaction with subprocess
2026-07-24 17:29:34,358 Number of patches = 175
2026-07-24 17:29:34,358 Setting up the instrument
2026-07-24 17:29:34,871 Instrument Type:   Datacolor SpyderX
2026-07-24 17:29:34,871 Serial Number:     60175226
2026-07-24 17:29:34,871 Hardware version:  2.07
2026-07-24 17:29:35,200 Place instrument on test window.
2026-07-24 17:29:35,200 DisplayCAL: Waiting for send buffer
2026-07-24 17:29:35,200 DisplayCAL: SpyderX cal time_t size = 8
2026-07-24 17:29:35,200 DisplayCAL: SpyderX sensor cal 5 5 5
2026-07-24 17:29:35,200 DisplayCAL: Detected instrument placement (screen/spot) message
2026-07-24 17:29:36,703 DisplayCAL: Skipping place instrument on screen message...
2026-07-24 17:29:36,730 DisplayCAL: Sending buffer: ' '
2026-07-24 17:29:36,734 Hit Esc or Q to give up, any other key to continue:
2026-07-24 17:34:31,440 Patch 175 of 175
2026-07-24 17:34:31,443 The instrument can be removed from the screen.
2026-07-24 17:34:31,474 Written 'UltraFine #1 2026-07-24 17-22 2.2 F-S XYZLUT+MTX.ti3'
2026-07-24 17:34:31,581 DisplayCAL: Reached EOF (OK)
2026-07-24 17:34:31,582 dispread exitcode: 0
2026-07-24 17:34:31,717 Preparing ChromaticityType tag from TI3 colorants
2026-07-24 17:34:31,720 Storing settings in TI3
2026-07-24 17:34:31,750 Extracting neutrals from c:\users\sizen\appdata\local\temp\DisplayCAL-fhywom\UltraFine #1 2026-07-24 17-22 2.2 F-S XYZLUT+MTX.ti3
2026-07-24 17:34:31,763 Applying 0% black point correction to TI3
2026-07-24 17:34:31,828 Extracting neutrals from c:\users\sizen\appdata\local\temp\DisplayCAL-fhywom\UltraFine #1 2026-07-24 17-22 2.2 F-S XYZLUT+MTX.ti3
2026-07-24 17:34:31,842 R=G=B (>= 1% luminance) dE*00 avg 0.526175232106 peak 1.7880661028
2026-07-24 17:34:32,082 Initial cLUT resolution 5x5x5
2026-07-24 17:34:32,084 cLUT input curve segments: 5
2026-07-24 17:34:32,104 #1 X prev 0.045803 next 0.209191 clip False
2026-07-24 17:34:32,125 #2 X prev 0.209191 next 0.512380 clip False
2026-07-24 17:34:32,144 #3 X prev 0.512380 next 0.964200 clip False
2026-07-24 17:34:32,244 #1 Y prev 0.047746 next 0.217131 clip False
2026-07-24 17:34:32,263 #2 Y prev 0.217131 next 0.532513 clip False
2026-07-24 17:34:32,286 #3 Y prev 0.532513 next 1.000000 clip False
2026-07-24 17:34:32,387 #1 Z prev 0.039444 next 0.178277 clip False
2026-07-24 17:34:32,405 #2 Z prev 0.178277 next 0.437431 clip False
2026-07-24 17:34:32,426 #3 Z prev 0.437431 next 0.824900 clip False
2026-07-24 17:34:32,885 cLUT input curve segments: 33
2026-07-24 17:34:32,887 #1 X prev 0.000661 next 0.001991 clip False
2026-07-24 17:34:32,890 #2 X prev 0.001991 next 0.004572 clip False
2026-07-24 17:34:32,894 #3 X prev 0.004572 next 0.008981 clip False
2026-07-24 17:34:32,897 #4 X prev 0.008981 next 0.015312 clip False
2026-07-24 17:34:32,900 #5 X prev 0.015312 next 0.023575 clip False
2026-07-24 17:34:32,903 #6 X prev 0.023575 next 0.033712 clip False
2026-07-24 17:34:32,904 #7 X prev 0.033712 next 0.045803 clip False
2026-07-24 17:34:32,907 #8 X prev 0.045803 next 0.058923 clip False
2026-07-24 17:34:32,911 #9 X prev 0.058923 next 0.075086 clip False
2026-07-24 17:34:32,914 #10 X prev 0.075086 next 0.092486 clip False
2026-07-24 17:34:32,917 #11 X prev 0.092486 next 0.112381 clip False
2026-07-24 17:34:32,918 #12 X prev 0.112381 next 0.133519 clip False
2026-07-24 17:34:32,921 #13 X prev 0.133519 next 0.157347 clip False
2026-07-24 17:34:32,924 #14 X prev 0.157347 next 0.181765 clip False
2026-07-24 17:34:32,927 #15 X prev 0.181765 next 0.209191 clip False
2026-07-24 17:34:32,930 #16 X prev 0.209191 next 0.239277 clip False
2026-07-24 17:34:32,931 #17 X prev 0.239277 next 0.273016 clip False
2026-07-24 17:34:32,934 #18 X prev 0.273016 next 0.309879 clip False
2026-07-24 17:34:32,937 #19 X prev 0.309879 next 0.348714 clip False
2026-07-24 17:34:32,940 #20 X prev 0.348714 next 0.387721 clip False
2026-07-24 17:34:32,944 #21 X prev 0.387721 next 0.425897 clip False
2026-07-24 17:34:32,947 #22 X prev 0.425897 next 0.467730 clip False
2026-07-24 17:34:32,948 #23 X prev 0.467730 next 0.512380 clip False
2026-07-24 17:34:32,950 #24 X prev 0.512380 next 0.558762 clip False
2026-07-24 17:34:32,953 #25 X prev 0.558762 next 0.608222 clip False
2026-07-24 17:34:32,957 #26 X prev 0.608222 next 0.661239 clip False
2026-07-24 17:34:32,959 #27 X prev 0.661239 next 0.718164 clip False
2026-07-24 17:34:32,961 #28 X prev 0.718164 next 0.777295 clip False
2026-07-24 17:34:32,963 #29 X prev 0.777295 next 0.832778 clip False
2026-07-24 17:34:32,967 #30 X prev 0.832778 next 0.892529 clip False
2026-07-24 17:34:32,970 #31 X prev 0.892529 next 0.964200 clip False
2026-07-24 17:34:33,035 #1 Y prev 0.000606 next 0.002064 clip False
2026-07-24 17:34:33,039 #2 Y prev 0.002064 next 0.004727 clip False
2026-07-24 17:34:33,040 #3 Y prev 0.004727 next 0.009293 clip False
2026-07-24 17:34:33,043 #4 Y prev 0.009293 next 0.015861 clip False
2026-07-24 17:34:33,045 #5 Y prev 0.015861 next 0.024732 clip False
2026-07-24 17:34:33,048 #6 Y prev 0.024732 next 0.034848 clip False
2026-07-24 17:34:33,049 #7 Y prev 0.034848 next 0.047746 clip False
2026-07-24 17:34:33,052 #8 Y prev 0.047746 next 0.061138 clip False
2026-07-24 17:34:33,055 #9 Y prev 0.061138 next 0.077727 clip False
2026-07-24 17:34:33,056 #10 Y prev 0.077727 next 0.095856 clip False
2026-07-24 17:34:33,059 #11 Y prev 0.095856 next 0.115821 clip False
2026-07-24 17:34:33,062 #12 Y prev 0.115821 next 0.137755 clip False
2026-07-24 17:34:33,065 #13 Y prev 0.137755 next 0.162872 clip False
2026-07-24 17:34:33,066 #14 Y prev 0.162872 next 0.188597 clip False
2026-07-24 17:34:33,071 #15 Y prev 0.188597 next 0.217131 clip False
2026-07-24 17:34:33,073 #16 Y prev 0.217131 next 0.247970 clip False
2026-07-24 17:34:33,076 #17 Y prev 0.247970 next 0.282201 clip False
2026-07-24 17:34:33,079 #18 Y prev 0.282201 next 0.320858 clip False
2026-07-24 17:34:33,081 #19 Y prev 0.320858 next 0.360949 clip False
2026-07-24 17:34:33,084 #20 Y prev 0.360949 next 0.403474 clip False
2026-07-24 17:34:33,086 #21 Y prev 0.403474 next 0.443485 clip False
2026-07-24 17:34:33,089 #22 Y prev 0.443485 next 0.486244 clip False
2026-07-24 17:34:33,092 #23 Y prev 0.486244 next 0.532513 clip False
2026-07-24 17:34:33,095 #24 Y prev 0.532513 next 0.580993 clip False
2026-07-24 17:34:33,098 #25 Y prev 0.580993 next 0.631804 clip False
2026-07-24 17:34:33,101 #26 Y prev 0.631804 next 0.686401 clip False
2026-07-24 17:34:33,102 #27 Y prev 0.686401 next 0.744872 clip False
2026-07-24 17:34:33,105 #28 Y prev 0.744872 next 0.806918 clip False
2026-07-24 17:34:33,108 #29 Y prev 0.806918 next 0.868108 clip False
2026-07-24 17:34:33,111 #30 Y prev 0.868108 next 0.929840 clip False
2026-07-24 17:34:33,115 #31 Y prev 0.929840 next 1.000000 clip False
2026-07-24 17:34:33,177 #1 Z prev 0.000683 next 0.001874 clip False
2026-07-24 17:34:33,183 #2 Z prev 0.001874 next 0.004009 clip False
2026-07-24 17:34:33,184 #3 Z prev 0.004009 next 0.007760 clip False
2026-07-24 17:34:33,187 #4 Z prev 0.007760 next 0.013086 clip False
2026-07-24 17:34:33,188 #5 Z prev 0.013086 next 0.019821 clip False
2026-07-24 17:34:33,191 #6 Z prev 0.019821 next 0.028683 clip False
2026-07-24 17:34:33,194 #7 Z prev 0.028683 next 0.039444 clip False
2026-07-24 17:34:33,197 #8 Z prev 0.039444 next 0.050360 clip False
2026-07-24 17:34:33,200 #9 Z prev 0.050360 next 0.064149 clip False
2026-07-24 17:34:33,201 #10 Z prev 0.064149 next 0.078988 clip False
2026-07-24 17:34:33,204 #11 Z prev 0.078988 next 0.095960 clip False
2026-07-24 17:34:33,207 #12 Z prev 0.095960 next 0.113867 clip False
2026-07-24 17:34:33,210 #13 Z prev 0.113867 next 0.134508 clip False
2026-07-24 17:34:33,213 #14 Z prev 0.134508 next 0.155147 clip False
2026-07-24 17:34:33,214 #15 Z prev 0.155147 next 0.178277 clip False
2026-07-24 17:34:33,217 #16 Z prev 0.178277 next 0.205554 clip False
2026-07-24 17:34:33,220 #17 Z prev 0.205554 next 0.235281 clip False
2026-07-24 17:34:33,223 #18 Z prev 0.235281 next 0.265506 clip False
2026-07-24 17:34:33,224 #19 Z prev 0.265506 next 0.297732 clip False
2026-07-24 17:34:33,230 #20 Z prev 0.297732 next 0.330972 clip False
2026-07-24 17:34:33,233 #21 Z prev 0.330972 next 0.363524 clip False
2026-07-24 17:34:33,234 #22 Z prev 0.363524 next 0.399757 clip False
2026-07-24 17:34:33,237 #23 Z prev 0.399757 next 0.437431 clip False
2026-07-24 17:34:33,240 #24 Z prev 0.437431 next 0.478136 clip False
2026-07-24 17:34:33,243 #25 Z prev 0.478136 next 0.520188 clip False
2026-07-24 17:34:33,246 #26 Z prev 0.520188 next 0.565066 clip False
2026-07-24 17:34:33,249 #27 Z prev 0.565066 next 0.612361 clip False
2026-07-24 17:34:33,252 #28 Z prev 0.612361 next 0.663172 clip False
2026-07-24 17:34:33,253 #29 Z prev 0.663172 next 0.708343 clip False
2026-07-24 17:34:33,256 #30 Z prev 0.708343 next 0.756923 clip False
2026-07-24 17:34:33,259 #31 Z prev 0.756923 next 0.824900 clip False
2026-07-24 17:34:33,377 Final interpolated cLUT resolution 33x33x33
2026-07-24 17:34:33,380 --------------------------------------------------------------------------------
2026-07-24 17:34:33,380 Creating matrix from primaries
2026-07-24 17:34:33,380 Using chromatic adaptation transform matrix: Bradford
2026-07-24 17:34:33,428 Generating A2B1 by copying A2B0
2026-07-24 17:34:33,450 Making distinct A2B0
2026-07-24 17:34:33,473 Applying black point compensation to A2B0: L*a*b* 0.000000 0.000000 0.000000
2026-07-24 17:34:36,796 --------------------------------------------------------------------------------
2026-07-24 17:34:36,796 Generating B2A1 table by inverting A2B1 table
2026-07-24 17:34:36,798 
2026-07-24 17:34:36,798 Using chromatic adaptation transform matrix: Bradford
2026-07-24 17:34:36,819 Black XYZ: 0.0008 0.0008 0.0007
2026-07-24 17:34:36,819 White XYZ: 0.9642 1.0000 0.8249
2026-07-24 17:34:36,819 R XYZ: 0.5215 0.2380 0.0021
2026-07-24 17:34:36,819 G XYZ: 0.2901 0.7152 0.0426
2026-07-24 17:34:36,819 B XYZ: 0.1586 0.0529 0.7861
2026-07-24 17:34:36,822 Generating input curve PCS values...
2026-07-24 17:34:36,908 Looking up input curve RGB values...
2026-07-24 17:34:36,911 Setting up matrix
2026-07-24 17:34:36,911 Increasing saturation of actual primaries for PCS candidate to 104%...
2026-07-24 17:34:36,911 R xy 0.684805 0.312470 -> 0.698369 0.310627
2026-07-24 17:34:36,911 G xy 0.276852 0.682520 -> 0.274098 0.695479
2026-07-24 17:34:36,913 B xy 0.158953 0.053015 -> 0.151482 0.040794
2026-07-24 17:34:36,913 Checking for suitable PCS candidate...
2026-07-24 17:34:36,913 PCS candidate based on actual primaries fit: 1.01 (area: 92.46%)
2026-07-24 17:34:36,913 Using primaries: PCS candidate based on actual primaries
2026-07-24 17:34:36,913 Using R XYZ: 0.5286 0.2351 -0.0068
2026-07-24 17:34:36,913 Using G XYZ: 0.2855 0.7245 0.0317
2026-07-24 17:34:36,914 Using B XYZ: 0.1500 0.0404 0.8000
2026-07-24 17:34:36,914 R+G+B XYZ: 0.9642 1.0000 0.8249
2026-07-24 17:34:36,914 Correction factors: 1.0000 1.0000 1.0000
2026-07-24 17:34:36,914 Matrix 1:
2026-07-24 17:34:36,914 [2.278711690449953, -0.8813257290802785, -0.38284408152693156]
2026-07-24 17:34:36,914 [-0.7423105776398242, 1.6704924619590624, 0.05484712935053467]
2026-07-24 17:34:36,915 [0.048801656273809974, -0.0736740859186374, 1.244538160915784]
2026-07-24 17:34:36,915 Matrix 2:
2026-07-24 17:34:36,915 [2.2786881344377323, -0.8813166184412573, -0.38284012390477995]
2026-07-24 17:34:36,915 [-0.7423125660332703, 1.6704969366309363, 0.05484727626703543]
2026-07-24 17:34:36,915 [0.0488022482742407, -0.07367497964016098, 1.2445532580904204]
2026-07-24 17:34:36,915 Matrix 3:
2026-07-24 17:34:36,915 [1.999969482421875, 0, 0]
2026-07-24 17:34:36,917 [0, 1.999969482421875, 0]
2026-07-24 17:34:36,917 [0, 0, 1.999969482421875]
2026-07-24 17:34:36,917 Final matrix:
2026-07-24 17:34:36,917 [4.557306728832299, -1.7626063412337585, -0.7656685644561693]
2026-07-24 17:34:36,917 [-1.4846024784848135, 3.3409428937411016, 0.10969287872803243]
2026-07-24 17:34:36,917 [0.09760300722205702, -0.14734771089837492, 2.4890685354295563]
2026-07-24 17:34:36,917 Applying matrix to input curve XYZ values...
2026-07-24 17:34:36,924 Generating input curves...
2026-07-24 17:34:38,809 100%
2026-07-24 17:34:38,809 Generating A2B1 table lookup input values...
2026-07-24 17:34:38,811 cLUT grid res: 33
2026-07-24 17:34:38,811 Looking up input values through A2B1 table (18 workers)...
2026-07-24 17:34:38,811 Using CAM Jab for clipping
2026-07-24 17:34:44,901 100%
2026-07-24 17:34:44,904 Input black XYZ: 0.000763 0.000793 0.000671
2026-07-24 17:34:44,904 Input white XYZ: 0.964203 1.000000 0.824890
2026-07-24 17:34:44,918 Output black RGB: 0.0000 0.0005 0.0005
2026-07-24 17:34:44,918 Output white RGB: 100.0000 100.0000 100.0000
2026-07-24 17:34:44,926 Filling cLUT...
2026-07-24 17:34:44,970 100%
2026-07-24 17:34:45,042 Generating output curves...
2026-07-24 17:34:45,125 Setting curve entry #0 (0.000000 0.000000 0.000000) to black because it got clipped
2026-07-24 17:34:45,125 Setting curve entry #1 (0.000000 0.000005 0.000005) to black because it got clipped
2026-07-24 17:34:45,127 Setting curve entry #4095 (1.000000 1.000000 1.000000) to white because it got clipped
2026-07-24 17:34:45,153 Smoothing B2A1...
2026-07-24 17:34:46,127 Generating B2A0 table by inverting A2B0 table
2026-07-24 17:34:46,127 
2026-07-24 17:34:46,128 Using chromatic adaptation transform matrix: Bradford
2026-07-24 17:34:46,151 Black XYZ: 0.0000 0.0000 0.0000
2026-07-24 17:34:46,151 White XYZ: 0.9642 1.0000 0.8249
2026-07-24 17:34:46,151 R XYZ: 0.5207 0.2376 0.0020
2026-07-24 17:34:46,151 G XYZ: 0.2896 0.7141 0.0425
2026-07-24 17:34:46,151 B XYZ: 0.1583 0.0528 0.7849
2026-07-24 17:34:46,151 Generating input curve PCS values...
2026-07-24 17:34:46,198 Looking up input curve RGB values...
2026-07-24 17:34:46,220 R+G+B XYZ: 0.9657 1.0016 0.8262
2026-07-24 17:34:46,221 Correction factors: 0.9984 0.9984 0.9984
2026-07-24 17:34:46,221 Matrix 1:
2026-07-24 17:34:46,221 [2.279240838509183, -0.8825837386939875, -0.3838708117969843]
2026-07-24 17:34:46,221 [-0.7441588086458506, 1.6712561862050164, 0.05416415159688526]
2026-07-24 17:34:46,221 [0.04758422208682533, -0.07430075968036308, 1.2448148671370225]
2026-07-24 17:34:46,221 Matrix 2:
2026-07-24 17:34:46,221 [2.2828578113806306, -0.883984328480596, -0.3844799840656413]
2026-07-24 17:34:46,223 [-0.7453397291424667, 1.673908336072028, 0.05425010577233737]
2026-07-24 17:34:46,223 [0.04765973444053937, -0.07441866904191506, 1.24679028874598]
2026-07-24 17:34:46,223 Matrix 3:
2026-07-24 17:34:46,223 [1.999969482421875, 0, 0]
2026-07-24 17:34:46,223 [0, 1.999969482421875, 0]
2026-07-24 17:34:46,223 [0, 0, 1.999969482421875]
2026-07-24 17:34:46,223 Final matrix:
2026-07-24 17:34:46,223 [4.5656459554696545, -1.7679416799003864, -0.7689482347333314]
2026-07-24 17:34:46,224 [-1.4906567123215198, 3.3477655885156357, 0.10849855596283353]
2026-07-24 17:34:46,224 [0.09531801442140954, -0.14883506700628368, 2.493542528471918]
2026-07-24 17:34:46,224 Applying matrix to input curve XYZ values...
2026-07-24 17:34:46,230 Generating input curves...
2026-07-24 17:34:48,121 100%
2026-07-24 17:34:48,121 --------------------------------------------------------------------------------
2026-07-24 17:34:48,121 Creating shaper tags in separate step
2026-07-24 17:34:48,121 Using chromatic adaptation transform matrix: Bradford
2026-07-24 17:34:48,132 Extracting neutrals from c:\users\sizen\appdata\local\temp\DisplayCAL-fhywom\UltraFine #1 2026-07-24 17-22 2.2 F-S XYZLUT+MTX.ti3
2026-07-24 17:34:48,144 NUMBER_OF_FIELDS 7
2026-07-24 17:34:48,144 BEGIN_DATA_FORMAT
2026-07-24 17:34:48,144 SAMPLE_ID RGB_R RGB_G RGB_B XYZ_X XYZ_Y XYZ_Z
2026-07-24 17:34:48,144 END_DATA_FORMAT
2026-07-24 17:34:48,144 
2026-07-24 17:34:48,144 NUMBER_OF_SETS 52
2026-07-24 17:34:48,144 BEGIN_DATA
2026-07-24 17:34:48,144 1 0.0000000 0.0000000 0.0000000 0.0773574 0.0797951 0.0952919
2026-07-24 17:34:48,144 2 1.9608000 1.9608000 1.9608000 0.1140918 0.1081370 0.1544758
2026-07-24 17:34:48,144 3 3.9216000 3.9216000 3.9216000 0.1644037 0.1658830 0.2160616
2026-07-24 17:34:48,144 4 5.8824000 5.8824000 5.8824000 0.2518774 0.2595240 0.3348716
2026-07-24 17:34:48,144 5 7.8431000 7.8431000 7.8431000 0.3984769 0.4105070 0.5093437
2026-07-24 17:34:48,144 6 9.8039000 9.8039000 9.8039000 0.5756320 0.5901870 0.7181723
2026-07-24 17:34:48,144 7 11.765000 11.765000 11.765000 0.8502399 0.8782580 1.0554304
2026-07-24 17:34:48,144 8 13.726000 13.726000 13.726000 1.2227995 1.2520640 1.5201695
2026-07-24 17:34:48,144 9 15.686000 15.686000 15.686000 1.6247382 1.6696210 2.0024882
2026-07-24 17:34:48,144 10 17.647000 17.647000 17.647000 2.1296664 2.2328310 2.5769738
2026-07-24 17:34:48,144 11 19.608000 19.608000 19.608000 2.7035340 2.8154150 3.2815760
2026-07-24 17:34:48,144 12 21.569000 21.569000 21.569000 3.3384277 3.4252810 4.0977854
2026-07-24 17:34:48,144 13 23.529000 23.529000 23.529000 4.1280535 4.2460970 5.0619582
2026-07-24 17:34:48,144 14 25.490000 25.490000 25.490000 4.8750941 5.0770340 6.0838275
2026-07-24 17:34:48,144 15 27.451000 27.451000 27.451000 5.6707130 5.8519340 6.9721918
2026-07-24 17:34:48,144 16 29.412000 29.412000 29.412000 6.6321790 6.8377770 8.1589849
2026-07-24 17:34:48,144 17 31.373000 31.373000 31.373000 7.7053240 7.9312060 9.4754130
2026-07-24 17:34:48,144 18 33.333000 33.333000 33.333000 8.7567020 9.0107400 10.792320
2026-07-24 17:34:48,144 19 35.294000 35.294000 35.294000 9.9249820 10.250170 12.182520
2026-07-24 17:34:48,144 20 37.255000 37.255000 37.255000 11.217590 11.476350 13.852040
2026-07-24 17:34:48,144 21 39.216000 39.216000 39.216000 12.523590 12.851670 15.258290
2026-07-24 17:34:48,144 22 41.176000 41.176000 41.176000 13.862480 14.226920 17.097090
2026-07-24 17:34:48,144 23 43.137000 43.137000 43.137000 15.442590 15.838390 19.044070
2026-07-24 17:34:48,144 24 45.098000 45.098000 45.098000 16.920990 17.522480 20.768010
2026-07-24 17:34:48,144 25 47.059000 47.059000 47.059000 18.472970 19.044940 22.715190
2026-07-24 17:34:48,144 26 49.020000 49.020000 49.020000 20.186800 20.830860 24.829310
2026-07-24 17:34:48,144 27 50.980000 50.980000 50.980000 22.009270 22.739170 26.960170
2026-07-24 17:34:48,144 28 52.941000 52.941000 52.941000 23.924700 24.674590 29.597540
2026-07-24 17:34:48,144 29 54.902000 54.902000 54.902000 25.993620 26.692280 32.269100
2026-07-24 17:34:48,144 30 56.863000 56.863000 56.863000 28.236090 29.017690 35.013330
2026-07-24 17:34:48,144 31 58.824000 58.824000 58.824000 30.527700 31.468620 37.738190
2026-07-24 17:34:48,144 32 60.784000 60.784000 60.784000 32.981650 33.918380 40.515330
2026-07-24 17:34:48,144 33 62.745000 62.745000 62.745000 35.419340 36.445570 43.557180
2026-07-24 17:34:48,144 34 64.706000 64.706000 64.706000 37.921170 39.218510 46.655340
2026-07-24 17:34:48,144 35 66.667000 66.667000 66.667000 40.294990 41.755930 49.491630
2026-07-24 17:34:48,144 36 68.627000 68.627000 68.627000 42.678510 44.217570 52.383750
2026-07-24 17:34:48,144 37 70.588000 70.588000 70.588000 45.265700 46.851620 55.893420
2026-07-24 17:34:48,144 38 72.549000 72.549000 72.549000 48.023410 49.633110 58.984960
2026-07-24 17:34:48,144 39 74.510000 74.510000 74.510000 50.810300 52.482200 62.396490
2026-07-24 17:34:48,144 40 76.471000 76.471000 76.471000 53.757130 55.656220 66.220340
2026-07-24 17:34:48,144 41 78.431000 78.431000 78.431000 56.657600 58.575280 69.817760
2026-07-24 17:34:48,144 42 80.392000 80.392000 80.392000 59.778940 61.792440 73.618480
2026-07-24 17:34:48,144 43 82.353000 82.353000 82.353000 63.006270 65.064820 77.586350
2026-07-24 17:34:48,144 44 84.314000 84.314000 84.314000 66.394970 68.562800 81.683260
2026-07-24 17:34:48,144 45 86.275000 86.275000 86.275000 69.876530 72.109410 86.004170
2026-07-24 17:34:48,144 46 88.235000 88.235000 88.235000 73.623460 75.958150 90.263430
2026-07-24 17:34:48,144 47 90.196000 90.196000 90.196000 77.373240 79.741460 95.181740
2026-07-24 17:34:48,144 48 92.157000 92.157000 92.157000 81.042490 83.949200 99.445160
2026-07-24 17:34:48,144 49 94.118000 94.118000 94.118000 84.317890 87.430180 103.39420
2026-07-24 17:34:48,144 50 96.078000 96.078000 96.078000 88.198150 91.610970 107.59540
2026-07-24 17:34:48,144 51 98.039000 98.039000 98.039000 92.125400 95.302770 112.82890
2026-07-24 17:34:48,144 52 100.00000 100.00000 100.00000 96.945010 100.00000 119.42070
2026-07-24 17:34:48,144 END_DATA
2026-07-24 17:34:48,144 --------------------------------------------------------------------------------
2026-07-24 17:34:48,397 Black relative luminance = 0.000798
2026-07-24 17:34:48,397 Black output offset = 1.00
2026-07-24 17:34:48,397 Calibration gamma = 2.20 relative
2026-07-24 17:34:48,397 Calibration overall transfer function ≈ Gamma 2.20 100% (Δ 0.00%)
2026-07-24 17:34:48,397 Calibration effective gamma = 2.20
2026-07-24 17:34:48,424 Transfer function R ≈ Gamma 2.20 100% (Δ 1.06%)
2026-07-24 17:34:48,427 Effective gamma = 2.19
2026-07-24 17:34:48,427 Got good match (+-2%)
2026-07-24 17:34:48,427 Using calibration transfer function
2026-07-24 17:34:48,453 Transfer function G ≈ Gamma 2.20 100% (Δ 1.06%)
2026-07-24 17:34:48,453 Effective gamma = 2.19
2026-07-24 17:34:48,453 Got good match (+-2%)
2026-07-24 17:34:48,453 Using calibration transfer function
2026-07-24 17:34:48,483 Transfer function B ≈ Gamma 2.20 100% (Δ 1.06%)
2026-07-24 17:34:48,484 Effective gamma = 2.19
2026-07-24 17:34:48,484 Got good match (+-2%)
2026-07-24 17:34:48,484 Using calibration transfer function
2026-07-24 17:34:48,484 Using transfer function for R: Gamma 2.20
2026-07-24 17:34:48,484 Effective gamma = 2.20
2026-07-24 17:34:48,484 Using transfer function for G: Gamma 2.20
2026-07-24 17:34:48,484 Effective gamma = 2.20
2026-07-24 17:34:48,484 Using transfer function for B: Gamma 2.20
2026-07-24 17:34:48,484 Effective gamma = 2.20
2026-07-24 17:34:48,486 Adding rTRC from interpolation to UltraFine #1 2026-07-24 17-22 2.2 F-S XYZLUT+MTX
2026-07-24 17:34:48,486 Adding gTRC from interpolation to UltraFine #1 2026-07-24 17-22 2.2 F-S XYZLUT+MTX
2026-07-24 17:34:48,486 Adding bTRC from interpolation to UltraFine #1 2026-07-24 17-22 2.2 F-S XYZLUT+MTX
2026-07-24 17:34:48,677 --------------------------------------------------------------------------------
2026-07-24 17:34:48,677 Working directory:
2026-07-24 17:34:48,677   c:\
2026-07-24 17:34:48,677    users\
2026-07-24 17:34:48,677     sizen\
2026-07-24 17:34:48,677      appdata\
2026-07-24 17:34:48,678       local\
2026-07-24 17:34:48,678        temp\
2026-07-24 17:34:48,678         DisplayCAL-fhywom\
2026-07-24 17:34:48,678 
2026-07-24 17:34:48,678 Command line:
2026-07-24 17:34:48,678   C:\Users\sizen\AppData\Roaming\DisplayCAL\ArgyllCMS\bin\profcheck.exe
2026-07-24 17:34:48,678     "UltraFine #1 2026-07-24 17-22 2.2 F-S XYZLUT+MTX.ti3"
2026-07-24 17:34:48,680     "UltraFine #1 2026-07-24 17-22 2.2 F-S XYZLUT+MTX.icm"
2026-07-24 17:34:48,680 
2026-07-24 17:34:48,694 Profile check complete, errors: max. = 0.737065, avg. = 0.058518, RMS = 0.127263
2026-07-24 17:34:48,696 profcheck exitcode: 0
2026-07-24 17:34:48,696 --------------------------------------------------------------------------------
2026-07-24 17:34:48,696 Generating gamut views...
2026-07-24 17:34:49,447 --------------------------------------------------------------------------------
2026-07-24 17:34:49,447 Working directory:
2026-07-24 17:34:49,448   c:\
2026-07-24 17:34:49,448    users\
2026-07-24 17:34:49,448     sizen\
2026-07-24 17:34:49,448      appdata\
2026-07-24 17:34:49,448       local\
2026-07-24 17:34:49,448        temp\
2026-07-24 17:34:49,448         DisplayCAL-fhywom\
2026-07-24 17:34:49,448 
2026-07-24 17:34:49,448 Command line:
2026-07-24 17:34:49,448   C:\Users\sizen\AppData\Roaming\DisplayCAL\ArgyllCMS\bin\iccgamut.exe
2026-07-24 17:34:49,450     -v
2026-07-24 17:34:49,450     -w
2026-07-24 17:34:49,450     -ir
2026-07-24 17:34:49,450     -ff
2026-07-24 17:34:49,450     -on
2026-07-24 17:34:49,450     -d10.00
2026-07-24 17:34:49,450     "UltraFine #1 2026-07-24 17-22 2.2 F-S XYZLUT+MTX.icm"
2026-07-24 17:34:49,450 
2026-07-24 17:34:49,726 Header:
2026-07-24 17:34:49,726   Profile size    = 942060 bytes
2026-07-24 17:34:49,726   CMM             = 'argl'
2026-07-24 17:34:49,726   Version         = 2.2.0
2026-07-24 17:34:49,726   Device Class    = Display
2026-07-24 17:34:49,726   Color Space     = RGB
2026-07-24 17:34:49,726   Conn. Space     = XYZ
2026-07-24 17:34:49,726   UTC Date&Time   = 24 Jul 2026, 17:34:31
2026-07-24 17:34:49,726   Local Date&Time = 25 Jul 2026, 0:34:31
2026-07-24 17:34:49,726   Platform        = Microsoft
2026-07-24 17:34:49,726   Flags           = Not Embedded Profile, Use anywhere
2026-07-24 17:34:49,726   Dev. Mnfctr.    = 0x0
2026-07-24 17:34:49,726   Dev. Model      = 0x0
2026-07-24 17:34:49,726   Dev. Attrbts    = Reflective, Glossy, Positive, Color
2026-07-24 17:34:49,726   Rndrng Intnt    = Perceptual
2026-07-24 17:34:49,726   Illuminant      = 0.96420288, 1.00000000, 0.82490540    [Lab 100.000000, 0.000000, 0.000000]
2026-07-24 17:34:49,726   Creator         = 'DCAL'
2026-07-24 17:34:49,726 
2026-07-24 17:34:49,726  Colorspace white/black are 100.000000 0.000000 0.000000, 0.716962 0.037382 0.002563
2026-07-24 17:34:49,726  Gamut white/black are      100.000000 0.000000 0.000000, 0.716962 0.037382 0.002563
2026-07-24 17:34:49,726 
2026-07-24 17:34:49,726 Total volume of gamut is 1277620.625780 cubic colorspace units
2026-07-24 17:34:49,726 iccgamut exitcode: 0
2026-07-24 17:34:50,325 --------------------------------------------------------------------------------
2026-07-24 17:34:50,325 Command line:
2026-07-24 17:34:50,325   C:\Users\sizen\AppData\Roaming\DisplayCAL\ArgyllCMS\bin\viewgam.exe
2026-07-24 17:34:50,325     -cw
2026-07-24 17:34:50,326     -t0
2026-07-24 17:34:50,326     -w
2026-07-24 17:34:50,326     "C:\Program Files (x86)\DisplayCAL\ref\sRGB.gam"
2026-07-24 17:34:50,326     -cn
2026-07-24 17:34:50,326     -t.3
2026-07-24 17:34:50,326     -s
2026-07-24 17:34:50,328     "UltraFine #1 2026-07-24 17-22 2.2 F-S XYZLUT+MTX.gam"
2026-07-24 17:34:50,328     -i
2026-07-24 17:34:50,328     "UltraFine #1 2026-07-24 17-22 2.2 F-S XYZLUT+MTX vs sRGB.wrl"
2026-07-24 17:34:50,328 
2026-07-24 17:34:50,328 Intersecting volume = 832112.6 cubic units
2026-07-24 17:34:50,328 'C:\Program Files (x86)\DisplayCAL\ref\sRGB.gam' volume = 833675.1 cubic units, intersect = 99.81%
2026-07-24 17:34:50,328 'UltraFine #1 2026-07-24 17-22 2.2 F-S XYZLUT+MTX.gam' volume = 1277620.6 cubic units, intersect = 65.13%
2026-07-24 17:34:50,528 --------------------------------------------------------------------------------
2026-07-24 17:34:50,528 Command line:
2026-07-24 17:34:50,528   C:\Users\sizen\AppData\Roaming\DisplayCAL\ArgyllCMS\bin\viewgam.exe
2026-07-24 17:34:50,528     -cw
2026-07-24 17:34:50,528     -t0
2026-07-24 17:34:50,528     -w
2026-07-24 17:34:50,528     "C:\Program Files (x86)\DisplayCAL\ref\ClayRGB1998.gam"
2026-07-24 17:34:50,529     -cn
2026-07-24 17:34:50,529     -t.3
2026-07-24 17:34:50,529     -s
2026-07-24 17:34:50,529     "UltraFine #1 2026-07-24 17-22 2.2 F-S XYZLUT+MTX.gam"
2026-07-24 17:34:50,529     -i
2026-07-24 17:34:50,529     "UltraFine #1 2026-07-24 17-22 2.2 F-S XYZLUT+MTX vs ClayRGB1998.wrl"
2026-07-24 17:34:50,529 
2026-07-24 17:34:50,529 Intersecting volume = 1060610.8 cubic units
2026-07-24 17:34:50,529 'C:\Program Files (x86)\DisplayCAL\ref\ClayRGB1998.gam' volume = 1209985.9 cubic units, intersect = 87.65%
2026-07-24 17:34:50,529 'UltraFine #1 2026-07-24 17-22 2.2 F-S XYZLUT+MTX.gam' volume = 1277620.6 cubic units, intersect = 83.01%
2026-07-24 17:34:50,529 --------------------------------------------------------------------------------
2026-07-24 17:34:50,529 Command line:
2026-07-24 17:34:50,530   C:\Users\sizen\AppData\Roaming\DisplayCAL\ArgyllCMS\bin\viewgam.exe
2026-07-24 17:34:50,530     -cw
2026-07-24 17:34:50,530     -t0
2026-07-24 17:34:50,530     -w
2026-07-24 17:34:50,530     "C:\Program Files (x86)\DisplayCAL\ref\SMPTE431_P3.gam"
2026-07-24 17:34:50,530     -cn
2026-07-24 17:34:50,530     -t.3
2026-07-24 17:34:50,530     -s
2026-07-24 17:34:50,532     "UltraFine #1 2026-07-24 17-22 2.2 F-S XYZLUT+MTX.gam"
2026-07-24 17:34:50,532     -i
2026-07-24 17:34:50,532     "UltraFine #1 2026-07-24 17-22 2.2 F-S XYZLUT+MTX vs SMPTE431_P3.wrl"
2026-07-24 17:34:50,532 
2026-07-24 17:34:50,532 Intersecting volume = 1157519.3 cubic units
2026-07-24 17:34:50,532 'C:\Program Files (x86)\DisplayCAL\ref\SMPTE431_P3.gam' volume = 1176953.5 cubic units, intersect = 98.35%
2026-07-24 17:34:50,532 'UltraFine #1 2026-07-24 17-22 2.2 F-S XYZLUT+MTX.gam' volume = 1277620.6 cubic units, intersect = 90.60%
2026-07-24 17:34:50,638 --------------------------------------------------------------------------------
