2026-07-24 16:46:10,068 --------------------------------------------------------------------------------
2026-07-24 16:46:10,068 Working directory:
2026-07-24 16:46:10,068   c:\
2026-07-24 16:46:10,069    users\
2026-07-24 16:46:10,069     sizen\
2026-07-24 16:46:10,069      appdata\
2026-07-24 16:46:10,069       local\
2026-07-24 16:46:10,069        temp\
2026-07-24 16:46:10,069         DisplayCAL-vwbaec\
2026-07-24 16:46:10,069 
2026-07-24 16:46:10,069 Command line:
2026-07-24 16:46:10,069   C:\Users\sizen\AppData\Roaming\DisplayCAL\ArgyllCMS\bin\dispcal.exe
2026-07-24 16:46:10,071     -v2
2026-07-24 16:46:10,071     -d1
2026-07-24 16:46:10,071     -c1
2026-07-24 16:46:10,071     -yb
2026-07-24 16:46:10,071     "-P0.506719761075,0.54443967368,1.0"
2026-07-24 16:46:10,071     -F
2026-07-24 16:46:10,071     -N
2026-07-24 16:46:10,071     -ql
2026-07-24 16:46:10,071     -m
2026-07-24 16:46:10,071     -t
2026-07-24 16:46:10,072     -g2.2
2026-07-24 16:46:10,072     -f1.0
2026-07-24 16:46:10,072     -k0
2026-07-24 16:46:10,072     -A4.0
2026-07-24 16:46:10,072     -b
2026-07-24 16:46:10,072     "SDQHD #1 2026-07-24 16-43 2.2 F-S XYZLUT+MTX"
2026-07-24 16:46:10,072 
2026-07-24 16:46:10,296 DisplayCAL: Starting interaction with subprocess
2026-07-24 16:46:22,482 Setting up the instrument
2026-07-24 16:46:23,000 Instrument Type:   Datacolor SpyderX
2026-07-24 16:46:23,000 Serial Number:     60175226
2026-07-24 16:46:23,000 Hardware version:  2.07
2026-07-24 16:46:23,313 Place instrument on test window.
2026-07-24 16:46:23,315 DisplayCAL: Waiting for send buffer
2026-07-24 16:46:23,315 DisplayCAL: SpyderX cal time_t size = 8
2026-07-24 16:46:23,315 DisplayCAL: SpyderX sensor cal 7 7 7
2026-07-24 16:46:23,315 DisplayCAL: Detected instrument placement (screen/spot) message
2026-07-24 16:46:24,811 DisplayCAL: Skipping place instrument on screen message...
2026-07-24 16:46:24,839 DisplayCAL: Sending buffer: ' '
2026-07-24 16:46:24,845 Hit Esc or Q to give up, any other key to continue:
2026-07-24 16:46:25,130 Display type is 'b'
2026-07-24 16:46:25,130 Target white = native white point
2026-07-24 16:46:25,130 Target white brightness = native brightness
2026-07-24 16:46:25,130 Target black brightness = native brightness
2026-07-24 16:46:25,130 Black point device hack is enabled
2026-07-24 16:46:25,131 Target advertised gamma = 2.200000
2026-07-24 16:46:25,131 Commencing display calibration
2026-07-24 16:46:40,634 Patch 9 of 9
2026-07-24 16:46:40,634 Black = XYZ 0.1820 0.2006 0.3447
2026-07-24 16:46:40,634 Red   = XYZ 52.352 23.708  0.518
2026-07-24 16:46:40,634 Green = XYZ 30.201 79.471  9.681
2026-07-24 16:46:40,634 Blue  = XYZ 23.436  8.973 127.495
2026-07-24 16:46:40,634 White = XYZ 109.031 115.341 141.412
2026-07-24 16:48:01,637 Patch 48 of 48
2026-07-24 16:48:01,713 
2026-07-24 16:48:01,713 Initial native brightness target = 115.340570 cd/m^2
2026-07-24 16:48:01,713 Target white value is XYZ 109.030745 115.340570 141.411672 [xy 0.298075 0.315325]
2026-07-24 16:48:01,713 Adjusted target black XYZ 0.1820 0.2006 0.3447, Lab 1.571 -0.273 -1.088
2026-07-24 16:48:01,713 Target black after min adjust: XYZ 0.1820 0.2006 0.3447, Lab 1.571 -0.273 -1.088
2026-07-24 16:48:01,713 Gamma curve input offset = 0.000000, output offset = 0.001739, power = 2.209064
2026-07-24 16:48:01,713 Total Iteration 2, Final Samples = 32 Final Repeat threshold = 0.900000
2026-07-24 16:48:01,716 Creating initial calibration curves...
2026-07-24 16:48:01,720 
2026-07-24 16:48:01,720 Doing iteration 1/2 with 16 sample points and repeat threshold of 1.272792 DE
2026-07-24 16:48:03,184 Patch 1 of 16 DE 0.000000, W.DE 0.000000, OK ( < 1.272792)
2026-07-24 16:48:04,782 Patch 2 of 16 DE 0.667081, W.DE 0.667081, OK ( < 1.272792)
2026-07-24 16:48:06,378 Patch 3 of 16 DE 0.406581, W.DE 0.406581, OK ( < 1.272792)
2026-07-24 16:48:07,970 Patch 4 of 16 DE 0.925121, W.DE 0.925121, OK ( < 1.272792)
2026-07-24 16:48:09,565 Patch 5 of 16 DE 1.004095, W.DE 1.004095, OK ( < 1.272792)
2026-07-24 16:48:11,157 Patch 6 of 16 DE 1.530964, W.DE 1.530964, Repeat
2026-07-24 16:48:12,704 Patch 6 of 16 DE 0.969788, W.DE 0.969788, OK ( < 1.272792)
2026-07-24 16:48:14,296 Patch 7 of 16 DE 1.506631, W.DE 1.506631, Repeat
2026-07-24 16:48:15,832 Patch 7 of 16 DE 0.528782, W.DE 0.528782, OK ( < 1.272792)
2026-07-24 16:48:17,421 Patch 8 of 16 DE 1.524951, W.DE 1.524951, Repeat
2026-07-24 16:48:18,951 Patch 8 of 16 DE 0.238326, W.DE 0.238326, OK ( < 1.272792)
2026-07-24 16:48:20,543 Patch 9 of 16 DE 0.733000, W.DE 0.733000, OK ( < 1.272792)
2026-07-24 16:48:22,144 Patch 10 of 16 DE 0.577159, W.DE 0.577159, OK ( < 1.272792)
2026-07-24 16:48:23,727 Patch 11 of 16 DE 0.743595, W.DE 0.743595, OK ( < 1.272792)
2026-07-24 16:48:25,332 Patch 12 of 16 DE 2.409243, W.DE 2.409243, Repeat
2026-07-24 16:48:26,973 Patch 12 of 16 DE 0.243088, W.DE 0.243088, OK ( < 1.272792)
2026-07-24 16:48:28,572 Patch 13 of 16 DE 1.419506, W.DE 1.419506, Repeat
2026-07-24 16:48:30,200 Patch 13 of 16 DE 0.727811, W.DE 0.727811, OK ( < 1.272792)
2026-07-24 16:48:31,773 Patch 14 of 16 DE 0.418800, W.DE 0.418800, OK ( < 1.272792)
2026-07-24 16:48:33,322 Patch 15 of 16 DE 1.094740, W.DE 10.172090, Repeat
2026-07-24 16:48:39,789 Patch 15 of 16 DE 1.094740, W.DE 10.172090, Repeat
2026-07-24 16:48:41,359 Patch 15 of 16 DE 0.135282, W.DE 13.369748, Repeat
2026-07-24 16:48:42,855 Patch 15 of 16 DE 0.135282, W.DE 13.369748, Repeat
2026-07-24 16:48:44,361 Patch 15 of 16 DE 0.135282, W.DE 13.369748, Repeat
2026-07-24 16:48:45,855 Patch 15 of 16 DE 0.135282, W.DE 13.369748, Repeat
2026-07-24 16:48:47,361 Patch 15 of 16 DE 0.081879, W.DE 0.081879, OK ( < 1.272792)
2026-07-24 16:48:48,911 Patch 16 of 16 DE 0.102805, W.DE 102.805164, Repeat
2026-07-24 16:48:55,367 Patch 16 of 16 DE 0.102805, W.DE 102.805164, Repeat
2026-07-24 16:48:56,951 Patch 16 of 16 DE 0.107938, W.DE 107.938311, Repeat (got worse)
2026-07-24 16:48:58,469 Patch 16 of 16 DE 0.004187, W.DE 4.186720, Repeat
2026-07-24 16:48:59,950 Patch 16 of 16 DE 0.004187, W.DE 4.186720, Repeat
2026-07-24 16:49:01,430 Patch 16 of 16 DE 0.004187, W.DE 4.186720, Repeat
2026-07-24 16:49:02,904 Patch 16 of 16 DE 0.004187, W.DE 4.186720, Repeat
2026-07-24 16:49:04,372 Patch 16 of 16 DE 0.004187, W.DE 4.186720, Repeat
2026-07-24 16:49:05,848 Patch 16 of 16 DE 0.004187, W.DE 4.186720, Repeat
2026-07-24 16:49:07,332 Patch 16 of 16 DE 0.004187, W.DE 4.186720, Fail ( > 1.272792)
2026-07-24 16:49:07,332 
2026-07-24 16:49:07,332 Brightness error = 0.000000 cd/m^2 (is 115.034002, should be 115.034002)
2026-07-24 16:49:07,332 White point error = 0.000000 deltaE
2026-07-24 16:49:07,334 Maximum neutral error (@ 0.608811) = 1.004095 deltaE
2026-07-24 16:49:07,334 Average neutral error = 0.516831 deltaE
2026-07-24 16:49:07,334 Failed to meet target 1.272792 delta E, got worst case 4.186720
2026-07-24 16:49:07,334 Number of measurements taken = 42
2026-07-24 16:49:07,334 Computing update to calibration curves...
2026-07-24 16:49:07,339 
2026-07-24 16:49:07,339 Doing iteration 2/2 with 32 sample points and repeat threshold of 0.900000 DE
2026-07-24 16:49:09,101 Patch 1 of 32 DE 0.000000, W.DE 0.000000, W.peqDE 0.000000, OK ( < 0.900000)
2026-07-24 16:49:10,688 Patch 2 of 32 DE 0.750958, W.DE 0.750958, W.peqDE 0.750960, OK ( < 0.900000)
2026-07-24 16:49:12,259 Patch 3 of 32 DE 0.726395, W.DE 0.726395, W.peqDE 0.567099, OK ( < 0.900000)
2026-07-24 16:49:13,831 Patch 4 of 32 DE 0.872897, W.DE 0.872897, peqDE 1.271959, Repeat
2026-07-24 16:49:20,273 Patch 4 of 32 DE 0.901848, W.DE 0.901848, peqDE 0.489453, Repeat
2026-07-24 16:49:21,940 Patch 4 of 32 DE 0.652639, W.DE 0.652639, peqDE 1.151251, Repeat
2026-07-24 16:49:23,466 Patch 4 of 32 DE 0.201281, W.DE 0.201281, W.peqDE 0.361976, OK ( < 0.900000)
2026-07-24 16:49:25,051 Patch 5 of 32 DE 0.429100, W.DE 0.429100, W.peqDE 0.333808, OK ( < 0.900000)
2026-07-24 16:49:26,619 Patch 6 of 32 DE 0.564588, W.DE 0.564588, W.peqDE 0.611410, OK ( < 0.900000)
2026-07-24 16:49:28,200 Patch 7 of 32 DE 0.744493, W.DE 0.744493, W.peqDE 0.738650, OK ( < 0.900000)
2026-07-24 16:49:29,789 Patch 8 of 32 DE 1.088885, W.DE 1.088885, peqDE 1.214155, Repeat
2026-07-24 16:49:36,226 Patch 8 of 32 DE 0.975904, W.DE 0.975904, peqDE 0.910607, Repeat
2026-07-24 16:49:37,878 Patch 8 of 32 DE 1.222036, W.DE 1.222036, peqDE 1.320342, Repeat (got worse)
2026-07-24 16:49:39,430 Patch 8 of 32 DE 0.927927, W.DE 0.927927, peqDE 0.864030, Repeat
2026-07-24 16:49:40,946 Patch 8 of 32 DE 0.454639, W.DE 0.454639, W.peqDE 0.440119, OK ( < 0.900000)
2026-07-24 16:49:42,509 Patch 9 of 32 DE 1.128800, W.DE 1.128800, peqDE 1.020627, Repeat
2026-07-24 16:49:44,058 Patch 9 of 32 DE 0.216982, W.DE 0.216982, W.peqDE 0.507919, OK ( < 0.900000)
2026-07-24 16:49:45,634 Patch 10 of 32 DE 0.397183, W.DE 0.397183, W.peqDE 0.297918, OK ( < 0.900000)
2026-07-24 16:49:47,220 Patch 11 of 32 DE 1.050426, W.DE 1.050426, peqDE 1.131873, Repeat
2026-07-24 16:49:48,743 Patch 11 of 32 DE 0.464031, W.DE 0.464031, W.peqDE 0.623720, OK ( < 0.900000)
2026-07-24 16:49:50,323 Patch 12 of 32 DE 0.534651, W.DE 0.534651, W.peqDE 0.111202, OK ( < 0.900000)
2026-07-24 16:49:51,904 Patch 13 of 32 DE 0.660524, W.DE 0.660524, peqDE 1.137764, Repeat
2026-07-24 16:49:58,463 Patch 13 of 32 DE 0.560628, W.DE 0.560628, W.peqDE 0.206087, OK ( < 0.900000)
2026-07-24 16:50:00,049 Patch 14 of 32 DE 0.632773, W.DE 0.632773, peqDE 0.980122, Repeat
2026-07-24 16:50:06,588 Patch 14 of 32 DE 0.632773, W.DE 0.632773, peqDE 0.980122, Repeat
2026-07-24 16:50:08,158 Patch 14 of 32 DE 0.887760, W.DE 0.887760, peqDE 1.372282, Repeat (got worse)
2026-07-24 16:50:09,667 Patch 14 of 32 DE 0.303575, W.DE 0.303575, W.peqDE 0.441046, OK ( < 0.900000)
2026-07-24 16:50:11,234 Patch 15 of 32 DE 0.401664, W.DE 0.401664, W.peqDE 0.317681, OK ( < 0.900000)
2026-07-24 16:50:12,802 Patch 16 of 32 DE 0.310954, W.DE 0.310954, W.peqDE 0.208422, OK ( < 0.900000)
2026-07-24 16:50:14,378 Patch 17 of 32 DE 0.351659, W.DE 0.351659, W.peqDE 0.579887, OK ( < 0.900000)
2026-07-24 16:50:15,950 Patch 18 of 32 DE 0.895257, W.DE 0.895257, W.peqDE 0.656815, OK ( < 0.900000)
2026-07-24 16:50:17,526 Patch 19 of 32 DE 1.119006, W.DE 1.119006, peqDE 0.621639, Repeat
2026-07-24 16:50:19,072 Patch 19 of 32 DE 0.681014, W.DE 0.681014, W.peqDE 0.337645, OK ( < 0.900000)
2026-07-24 16:50:20,647 Patch 20 of 32 DE 0.566509, W.DE 0.566509, W.peqDE 0.170436, OK ( < 0.900000)
2026-07-24 16:50:22,221 Patch 21 of 32 DE 0.653803, W.DE 0.653803, W.peqDE 0.621709, OK ( < 0.900000)
2026-07-24 16:50:23,798 Patch 22 of 32 DE 1.747374, W.DE 1.747374, peqDE 1.538772, Repeat
2026-07-24 16:50:25,424 Patch 22 of 32 DE 1.285364, W.DE 1.285364, peqDE 1.567259, Repeat
2026-07-24 16:50:26,963 Patch 22 of 32 DE 0.582537, W.DE 0.582537, W.peqDE 0.380730, OK ( < 0.900000)
2026-07-24 16:50:28,546 Patch 23 of 32 DE 1.118023, W.DE 1.118023, peqDE 0.883003, Repeat
2026-07-24 16:50:30,140 Patch 23 of 32 DE 0.319880, W.DE 0.319880, W.peqDE 0.534353, OK ( < 0.900000)
2026-07-24 16:50:31,726 Patch 24 of 32 DE 1.137864, W.DE 1.137864, peqDE 1.181511, Repeat
2026-07-24 16:50:33,332 Patch 24 of 32 DE 0.235292, W.DE 0.235292, W.peqDE 0.241585, OK ( < 0.900000)
2026-07-24 16:50:34,898 Patch 25 of 32 DE 0.755229, W.DE 0.755229, peqDE 0.960764, Repeat
2026-07-24 16:50:36,503 Patch 25 of 32 DE 0.247927, W.DE 0.247927, W.peqDE 0.428331, OK ( < 0.900000)
2026-07-24 16:50:38,082 Patch 26 of 32 DE 0.599887, W.DE 0.599887, W.peqDE 0.545845, OK ( < 0.646393)
2026-07-24 16:50:39,634 Patch 27 of 32 DE 0.609831, W.DE 0.609831, peqDE 0.678771, Repeat
2026-07-24 16:50:41,224 Patch 27 of 32 DE 0.306247, W.DE 0.306247, W.peqDE 0.288374, OK ( < 0.390448)
2026-07-24 16:50:42,782 Patch 28 of 32 DE 0.201865, W.DE 0.201865, peqDE 0.279060, Repeat
2026-07-24 16:50:49,296 Patch 28 of 32 DE 0.201865, W.DE 0.201865, peqDE 0.279060, Repeat
2026-07-24 16:50:50,888 Patch 28 of 32 DE 0.298580, W.DE 0.298580, peqDE 0.342750, Repeat
2026-07-24 16:50:52,380 Patch 28 of 32 DE 0.367967, W.DE 0.367967, peqDE 0.328247, Repeat
2026-07-24 16:50:53,891 Patch 28 of 32 DE 0.757581, W.DE 0.757581, peqDE 0.830209, Repeat
2026-07-24 16:50:55,413 Patch 28 of 32 DE 0.367967, W.DE 0.367967, peqDE 0.328247, Repeat
2026-07-24 16:50:56,898 Patch 28 of 32 DE 0.298580, W.DE 0.298580, peqDE 0.342750, Repeat
2026-07-24 16:50:58,392 Patch 28 of 32 DE 0.367967, W.DE 0.367967, peqDE 0.328247, Repeat
2026-07-24 16:50:59,892 Patch 28 of 32 DE 0.298580, W.DE 0.298580, peqDE 0.342750, Repeat
2026-07-24 16:51:01,375 Patch 28 of 32 DE 0.201865, W.DE 0.201865, W.peqDE 0.279060, Fail ( > 0.250000)
2026-07-24 16:51:02,921 Patch 29 of 32 DE 0.130870, W.DE 0.130870, W.peqDE 0.203245, OK ( < 0.250000)
2026-07-24 16:51:04,454 Patch 30 of 32 DE 0.141738, W.DE 17.330860, peqDE 17.331602, Repeat
2026-07-24 16:51:10,884 Patch 30 of 32 DE 0.141738, W.DE 17.330860, peqDE 17.331602, Repeat
2026-07-24 16:51:12,450 Patch 30 of 32 DE 0.073271, W.DE 0.073271, W.peqDE 0.101527, OK ( < 0.250000)
2026-07-24 16:51:13,959 Patch 31 of 32 DE 0.528459, W.DE 0.528459, peqDE 0.526305, Repeat
2026-07-24 16:51:20,437 Patch 31 of 32 DE 0.528459, W.DE 0.528459, peqDE 0.526305, Repeat
2026-07-24 16:51:22,010 Patch 31 of 32 DE 0.018123, W.DE 1.163885, peqDE 1.163745, Repeat
2026-07-24 16:51:23,484 Patch 31 of 32 DE 0.018123, W.DE 1.163885, peqDE 1.163745, Repeat
2026-07-24 16:51:24,967 Patch 31 of 32 DE 0.018123, W.DE 1.163885, peqDE 1.163745, Repeat
2026-07-24 16:51:26,451 Patch 31 of 32 DE 0.018123, W.DE 1.163885, peqDE 1.163745, Repeat
2026-07-24 16:51:27,938 Patch 31 of 32 DE 0.018123, W.DE 1.163885, peqDE 1.163745, Repeat
2026-07-24 16:51:29,427 Patch 31 of 32 DE 0.018123, W.DE 1.163885, peqDE 1.163745, Repeat
2026-07-24 16:51:30,910 Patch 31 of 32 DE 0.018123, W.DE 1.163885, peqDE 1.163745, Repeat
2026-07-24 16:51:32,387 Patch 31 of 32 DE 0.528459, W.DE 0.528459, W.peqDE 0.526305, Fail ( > 0.250000)
2026-07-24 16:51:33,931 Patch 32 of 32 DE 0.103295, W.DE 0.103295, W.peqDE 0.103295, OK ( < 0.250000)
2026-07-24 16:51:33,931 
2026-07-24 16:51:33,934 Brightness error = 0.000000 cd/m^2 (is 114.867617, should be 114.867617)
2026-07-24 16:51:33,934 White point error = 0.000000 deltaE
2026-07-24 16:51:33,936 Maximum neutral error (@ 0.280302) = 0.777550 deltaE
2026-07-24 16:51:33,936 Average neutral error = 0.459800 deltaE
2026-07-24 16:51:33,937 Failed to meet target 0.900000 delta E, got worst case 4.186720
2026-07-24 16:51:33,937 Number of measurements taken = 93
2026-07-24 16:51:33,937 Computing update to calibration curves...
2026-07-24 16:51:33,950 The instrument can be removed from the screen.
2026-07-24 16:51:33,983 Written calibration file 'SDQHD #1 2026-07-24 16-43 2.2 F-S XYZLUT+MTX.cal'
2026-07-24 16:51:34,088 DisplayCAL: Reached EOF (OK)
2026-07-24 16:51:34,091 dispcal exitcode: 0
2026-07-24 16:51:34,145 --------------------------------------------------------------------------------
2026-07-24 16:51:34,145 Working directory:
2026-07-24 16:51:34,148   c:\
2026-07-24 16:51:34,148    users\
2026-07-24 16:51:34,148     sizen\
2026-07-24 16:51:34,148      appdata\
2026-07-24 16:51:34,148       local\
2026-07-24 16:51:34,148        temp\
2026-07-24 16:51:34,148         DisplayCAL-vwbaec\
2026-07-24 16:51:34,148 
2026-07-24 16:51:34,148 Command line:
2026-07-24 16:51:34,148   C:\Users\sizen\AppData\Roaming\DisplayCAL\ArgyllCMS\bin\dispread.exe
2026-07-24 16:51:34,148     -v
2026-07-24 16:51:34,148     -d1
2026-07-24 16:51:34,148     -c1
2026-07-24 16:51:34,148     -yb
2026-07-24 16:51:34,148     "-P0.506719761075,0.54443967368,1.0"
2026-07-24 16:51:34,148     -F
2026-07-24 16:51:34,148     -N
2026-07-24 16:51:34,148     -k
2026-07-24 16:51:34,148     "SDQHD #1 2026-07-24 16-43 2.2 F-S XYZLUT+MTX.cal"
2026-07-24 16:51:34,151     "SDQHD #1 2026-07-24 16-43 2.2 F-S XYZLUT+MTX"
2026-07-24 16:51:34,151 
2026-07-24 16:51:34,375 DisplayCAL: Starting interaction with subprocess
2026-07-24 16:51:46,605 Number of patches = 175
2026-07-24 16:51:46,611 Setting up the instrument
2026-07-24 16:51:47,125 Instrument Type:   Datacolor SpyderX
2026-07-24 16:51:47,125 Serial Number:     60175226
2026-07-24 16:51:47,125 Hardware version:  2.07
2026-07-24 16:51:47,434 Place instrument on test window.
2026-07-24 16:51:47,437 DisplayCAL: Waiting for send buffer
2026-07-24 16:51:47,437 DisplayCAL: SpyderX cal time_t size = 8
2026-07-24 16:51:47,437 DisplayCAL: SpyderX sensor cal 7 7 7
2026-07-24 16:51:47,440 DisplayCAL: Detected instrument placement (screen/spot) message
2026-07-24 16:51:48,947 DisplayCAL: Skipping place instrument on screen message...
2026-07-24 16:51:48,960 DisplayCAL: Sending buffer: ' '
2026-07-24 16:51:48,960 Hit Esc or Q to give up, any other key to continue:
2026-07-24 16:56:43,411 Patch 175 of 175
2026-07-24 16:56:43,411 The instrument can be removed from the screen.
2026-07-24 16:56:43,440 Written 'SDQHD #1 2026-07-24 16-43 2.2 F-S XYZLUT+MTX.ti3'
2026-07-24 16:56:43,546 DisplayCAL: Reached EOF (OK)
2026-07-24 16:56:43,546 dispread exitcode: 0
2026-07-24 16:56:43,683 Preparing ChromaticityType tag from TI3 colorants
2026-07-24 16:56:43,687 Storing settings in TI3
2026-07-24 16:56:43,714 Extracting neutrals from c:\users\sizen\appdata\local\temp\DisplayCAL-vwbaec\SDQHD #1 2026-07-24 16-43 2.2 F-S XYZLUT+MTX.ti3
2026-07-24 16:56:43,727 Applying 0% black point correction to TI3
2026-07-24 16:56:43,786 Extracting neutrals from c:\users\sizen\appdata\local\temp\DisplayCAL-vwbaec\SDQHD #1 2026-07-24 16-43 2.2 F-S XYZLUT+MTX.ti3
2026-07-24 16:56:43,802 R=G=B (>= 1% luminance) dE*00 avg 0.586802727645 peak 1.93458635655
2026-07-24 16:56:44,029 Initial cLUT resolution 5x5x5
2026-07-24 16:56:44,032 cLUT input curve segments: 5
2026-07-24 16:56:44,052 #1 X prev 0.045273 next 0.207568 clip False
2026-07-24 16:56:44,071 #2 X prev 0.207568 next 0.519600 clip False
2026-07-24 16:56:44,091 #3 X prev 0.519600 next 0.964200 clip False
2026-07-24 16:56:44,201 #1 Y prev 0.046683 next 0.216307 clip False
2026-07-24 16:56:44,223 #2 Y prev 0.216307 next 0.539334 clip False
2026-07-24 16:56:44,243 #3 Y prev 0.539334 next 1.000000 clip False
2026-07-24 16:56:44,346 #1 Z prev 0.039658 next 0.178472 clip False
2026-07-24 16:56:44,368 #2 Z prev 0.178472 next 0.445764 clip False
2026-07-24 16:56:44,387 #3 Z prev 0.445764 next 0.824900 clip False
2026-07-24 16:56:44,874 cLUT input curve segments: 33
2026-07-24 16:56:44,875 #1 X prev 0.000372 next 0.001990 clip False
2026-07-24 16:56:44,880 #2 X prev 0.001990 next 0.004866 clip False
2026-07-24 16:56:44,882 #3 X prev 0.004866 next 0.009303 clip False
2026-07-24 16:56:44,884 #4 X prev 0.009303 next 0.015051 clip False
2026-07-24 16:56:44,888 #5 X prev 0.015051 next 0.022952 clip False
2026-07-24 16:56:44,890 #6 X prev 0.022952 next 0.032912 clip False
2026-07-24 16:56:44,892 #7 X prev 0.032912 next 0.045273 clip False
2026-07-24 16:56:44,895 #8 X prev 0.045273 next 0.058780 clip False
2026-07-24 16:56:44,898 #9 X prev 0.058780 next 0.073960 clip False
2026-07-24 16:56:44,900 #10 X prev 0.073960 next 0.092097 clip False
2026-07-24 16:56:44,903 #11 X prev 0.092097 next 0.111577 clip False
2026-07-24 16:56:44,905 #12 X prev 0.111577 next 0.132327 clip False
2026-07-24 16:56:44,907 #13 X prev 0.132327 next 0.154769 clip False
2026-07-24 16:56:44,911 #14 X prev 0.154769 next 0.179680 clip False
2026-07-24 16:56:44,914 #15 X prev 0.179680 next 0.207568 clip False
2026-07-24 16:56:44,917 #16 X prev 0.207568 next 0.238193 clip False
2026-07-24 16:56:44,920 #17 X prev 0.238193 next 0.270212 clip False
2026-07-24 16:56:44,923 #18 X prev 0.270212 next 0.303285 clip False
2026-07-24 16:56:44,926 #19 X prev 0.303285 next 0.339522 clip False
2026-07-24 16:56:44,928 #20 X prev 0.339522 next 0.380673 clip False
2026-07-24 16:56:44,931 #21 X prev 0.380673 next 0.425147 clip False
2026-07-24 16:56:44,934 #22 X prev 0.425147 next 0.472013 clip False
2026-07-24 16:56:44,936 #23 X prev 0.472013 next 0.519600 clip False
2026-07-24 16:56:44,940 #24 X prev 0.519600 next 0.567191 clip False
2026-07-24 16:56:44,941 #25 X prev 0.567191 next 0.614303 clip False
2026-07-24 16:56:44,944 #26 X prev 0.614303 next 0.665526 clip False
2026-07-24 16:56:44,947 #27 X prev 0.665526 next 0.721951 clip False
2026-07-24 16:56:44,950 #28 X prev 0.721951 next 0.782411 clip False
2026-07-24 16:56:44,951 #29 X prev 0.782411 next 0.843896 clip False
2026-07-24 16:56:44,954 #30 X prev 0.843896 next 0.907816 clip False
2026-07-24 16:56:44,957 #31 X prev 0.907816 next 0.964200 clip False
2026-07-24 16:56:45,023 #1 Y prev 0.000688 next 0.002234 clip False
2026-07-24 16:56:45,026 #2 Y prev 0.002234 next 0.005211 clip False
2026-07-24 16:56:45,028 #3 Y prev 0.005211 next 0.009617 clip False
2026-07-24 16:56:45,030 #4 Y prev 0.009617 next 0.015716 clip False
2026-07-24 16:56:45,033 #5 Y prev 0.015716 next 0.023611 clip False
2026-07-24 16:56:45,038 #6 Y prev 0.023611 next 0.033830 clip False
2026-07-24 16:56:45,039 #7 Y prev 0.033830 next 0.046683 clip False
2026-07-24 16:56:45,042 #8 Y prev 0.046683 next 0.060843 clip False
2026-07-24 16:56:45,045 #9 Y prev 0.060843 next 0.076363 clip False
2026-07-24 16:56:45,048 #10 Y prev 0.076363 next 0.095296 clip False
2026-07-24 16:56:45,049 #11 Y prev 0.095296 next 0.115710 clip False
2026-07-24 16:56:45,052 #12 Y prev 0.115710 next 0.137592 clip False
2026-07-24 16:56:45,055 #13 Y prev 0.137592 next 0.160642 clip False
2026-07-24 16:56:45,058 #14 Y prev 0.160642 next 0.186285 clip False
2026-07-24 16:56:45,059 #15 Y prev 0.186285 next 0.216307 clip False
2026-07-24 16:56:45,062 #16 Y prev 0.216307 next 0.247058 clip False
2026-07-24 16:56:45,065 #17 Y prev 0.247058 next 0.281286 clip False
2026-07-24 16:56:45,069 #18 Y prev 0.281286 next 0.315265 clip False
2026-07-24 16:56:45,072 #19 Y prev 0.315265 next 0.350782 clip False
2026-07-24 16:56:45,075 #20 Y prev 0.350782 next 0.393767 clip False
2026-07-24 16:56:45,078 #21 Y prev 0.393767 next 0.439967 clip False
2026-07-24 16:56:45,079 #22 Y prev 0.439967 next 0.489104 clip False
2026-07-24 16:56:45,082 #23 Y prev 0.489104 next 0.539334 clip False
2026-07-24 16:56:45,085 #24 Y prev 0.539334 next 0.588423 clip False
2026-07-24 16:56:45,088 #25 Y prev 0.588423 next 0.637409 clip False
2026-07-24 16:56:45,092 #26 Y prev 0.637409 next 0.689427 clip False
2026-07-24 16:56:45,092 #27 Y prev 0.689427 next 0.749676 clip False
2026-07-24 16:56:45,095 #28 Y prev 0.749676 next 0.813071 clip False
2026-07-24 16:56:45,098 #29 Y prev 0.813071 next 0.874825 clip False
2026-07-24 16:56:45,101 #30 Y prev 0.874825 next 0.938633 clip False
2026-07-24 16:56:45,105 #31 Y prev 0.938633 next 1.000000 clip False
2026-07-24 16:56:45,170 #1 Z prev 0.000775 next 0.002082 clip False
2026-07-24 16:56:45,171 #2 Z prev 0.002082 next 0.004696 clip False
2026-07-24 16:56:45,174 #3 Z prev 0.004696 next 0.008494 clip False
2026-07-24 16:56:45,177 #4 Z prev 0.008494 next 0.013536 clip False
2026-07-24 16:56:45,180 #5 Z prev 0.013536 next 0.020770 clip False
2026-07-24 16:56:45,184 #6 Z prev 0.020770 next 0.029392 clip False
2026-07-24 16:56:45,184 #7 Z prev 0.029392 next 0.039658 clip False
2026-07-24 16:56:45,187 #8 Z prev 0.039658 next 0.050683 clip False
2026-07-24 16:56:45,190 #9 Z prev 0.050683 next 0.064470 clip False
2026-07-24 16:56:45,194 #10 Z prev 0.064470 next 0.079857 clip False
2026-07-24 16:56:45,196 #11 Z prev 0.079857 next 0.095531 clip False
2026-07-24 16:56:45,198 #12 Z prev 0.095531 next 0.113296 clip False
2026-07-24 16:56:45,200 #13 Z prev 0.113296 next 0.131857 clip False
2026-07-24 16:56:45,203 #14 Z prev 0.131857 next 0.154369 clip False
2026-07-24 16:56:45,207 #15 Z prev 0.154369 next 0.178472 clip False
2026-07-24 16:56:45,210 #16 Z prev 0.178472 next 0.202805 clip False
2026-07-24 16:56:45,213 #17 Z prev 0.202805 next 0.228949 clip False
2026-07-24 16:56:45,216 #18 Z prev 0.228949 next 0.257010 clip False
2026-07-24 16:56:45,217 #19 Z prev 0.257010 next 0.287950 clip False
2026-07-24 16:56:45,220 #20 Z prev 0.287950 next 0.323777 clip False
2026-07-24 16:56:45,223 #21 Z prev 0.323777 next 0.363267 clip False
2026-07-24 16:56:45,226 #22 Z prev 0.363267 next 0.405480 clip False
2026-07-24 16:56:45,230 #23 Z prev 0.405480 next 0.445764 clip False
2026-07-24 16:56:45,233 #24 Z prev 0.445764 next 0.486236 clip False
2026-07-24 16:56:45,236 #25 Z prev 0.486236 next 0.526550 clip False
2026-07-24 16:56:45,237 #26 Z prev 0.526550 next 0.569980 clip False
2026-07-24 16:56:45,240 #27 Z prev 0.569980 next 0.617147 clip False
2026-07-24 16:56:45,243 #28 Z prev 0.617147 next 0.669136 clip False
2026-07-24 16:56:45,246 #29 Z prev 0.669136 next 0.721535 clip False
2026-07-24 16:56:45,250 #30 Z prev 0.721535 next 0.779265 clip False
2026-07-24 16:56:45,252 #31 Z prev 0.779265 next 0.824900 clip False
2026-07-24 16:56:45,369 Final interpolated cLUT resolution 33x33x33
2026-07-24 16:56:45,374 --------------------------------------------------------------------------------
2026-07-24 16:56:45,374 Creating matrix from primaries
2026-07-24 16:56:45,374 Using chromatic adaptation transform matrix: Bradford
2026-07-24 16:56:45,423 Generating A2B1 by copying A2B0
2026-07-24 16:56:45,451 Making distinct A2B0
2026-07-24 16:56:45,463 Applying black point compensation to A2B0: L*a*b* 0.000000 0.000000 0.000000
2026-07-24 16:56:48,859 --------------------------------------------------------------------------------
2026-07-24 16:56:48,859 Generating B2A1 table by inverting A2B1 table
2026-07-24 16:56:48,859 
2026-07-24 16:56:48,859 Using chromatic adaptation transform matrix: Bradford
2026-07-24 16:56:48,888 Black XYZ: 0.0016 0.0016 0.0013
2026-07-24 16:56:48,888 White XYZ: 0.9642 1.0000 0.8249
2026-07-24 16:56:48,888 R XYZ: 0.4954 0.2241 0.0015
2026-07-24 16:56:48,888 G XYZ: 0.2988 0.6901 0.0665
2026-07-24 16:56:48,888 B XYZ: 0.1442 0.0598 0.7364
2026-07-24 16:56:48,888 Generating input curve PCS values...
2026-07-24 16:56:48,983 Looking up input curve RGB values...
2026-07-24 16:56:48,983 Setting up matrix
2026-07-24 16:56:48,983 Increasing saturation of actual primaries for PCS candidate to 103%...
2026-07-24 16:56:48,983 R xy 0.687124 0.310844 -> 0.697367 0.309413
2026-07-24 16:56:48,983 G xy 0.283137 0.653828 -> 0.281260 0.662687
2026-07-24 16:56:48,983 B xy 0.153362 0.063636 -> 0.147592 0.054789
2026-07-24 16:56:48,983 Checking for suitable PCS candidate...
2026-07-24 16:56:48,983 PCS candidate based on actual primaries fit: 1.02 (area: 94.26%)
2026-07-24 16:56:48,986 Using primaries: PCS candidate based on actual primaries
2026-07-24 16:56:48,986 Using R XYZ: 0.5173 0.2295 -0.0050
2026-07-24 16:56:48,986 Using G XYZ: 0.3046 0.7177 0.0607
2026-07-24 16:56:48,986 Using B XYZ: 0.1423 0.0528 0.7692
2026-07-24 16:56:48,986 R+G+B XYZ: 0.9642 1.0000 0.8249
2026-07-24 16:56:48,986 Correction factors: 1.0000 1.0000 1.0000
2026-07-24 16:56:48,986 Matrix 1:
2026-07-24 16:56:48,986 [2.3601746430485564, -0.9704103425640475, -0.3700691577929096]
2026-07-24 16:56:48,986 [-0.7603447708211069, 1.7141964939654075, 0.022945731676935133]
2026-07-24 16:56:48,986 [0.07543237288532617, -0.14161839427125164, 1.295777064292909]
2026-07-24 16:56:48,987 Matrix 2:
2026-07-24 16:56:48,987 [2.3601499884854626, -0.9704002055841046, -0.37006529202245614]
2026-07-24 16:56:48,989 [-0.7603466078472936, 1.7142006355390325, 0.02294578711482537]
2026-07-24 16:56:48,989 [0.07543332026119233, -0.14162017289551873, 1.2957933383125595]
2026-07-24 16:56:48,989 Matrix 3:
2026-07-24 16:56:48,989 [1.999969482421875, 0, 0]
2026-07-24 16:56:48,989 [0, 1.999969482421875, 0]
2026-07-24 16:56:48,989 [0, 0, 1.999969482421875]
2026-07-24 16:56:48,989 Final matrix:
2026-07-24 16:56:48,989 [4.720227950909265, -1.9407707969041228, -0.7401192905484516]
2026-07-24 16:56:48,990 [-1.52067001175758, 3.428348957826248, 0.04589087397979982]
2026-07-24 16:56:48,990 [0.15086433848014036, -0.28323602388634705, 2.591547132150683]
2026-07-24 16:56:48,990 Applying matrix to input curve XYZ values...
2026-07-24 16:56:48,999 Generating input curves...
2026-07-24 16:56:50,880 100%
2026-07-24 16:56:50,881 Generating A2B1 table lookup input values...
2026-07-24 16:56:50,881 cLUT grid res: 33
2026-07-24 16:56:50,881 Looking up input values through A2B1 table (18 workers)...
2026-07-24 16:56:50,881 Using CAM Jab for clipping
2026-07-24 16:56:56,819 100%
2026-07-24 16:56:56,819 Input black XYZ: 0.001556 0.001617 0.001343
2026-07-24 16:56:56,821 Input white XYZ: 0.964203 1.000000 0.824890
2026-07-24 16:56:56,838 Output black RGB: 0.0012 0.0000 0.0000
2026-07-24 16:56:56,838 Output white RGB: 100.0000 100.0000 100.0000
2026-07-24 16:56:56,859 Filling cLUT...
2026-07-24 16:56:56,907 100%
2026-07-24 16:56:56,974 Generating output curves...
2026-07-24 16:56:57,055 Setting curve entry #0 (0.000000 0.000000 0.000000) to black because it got clipped
2026-07-24 16:56:57,055 Setting curve entry #1 (0.000012 0.000000 0.000000) to black because it got clipped
2026-07-24 16:56:57,055 Setting curve entry #4095 (1.000000 1.000000 1.000000) to white because it got clipped
2026-07-24 16:56:57,085 Smoothing B2A1...
2026-07-24 16:56:58,065 Generating B2A0 table by inverting A2B0 table
2026-07-24 16:56:58,065 
2026-07-24 16:56:58,065 Using chromatic adaptation transform matrix: Bradford
2026-07-24 16:56:58,095 Black XYZ: 0.0000 0.0000 0.0000
2026-07-24 16:56:58,095 White XYZ: 0.9642 1.0000 0.8249
2026-07-24 16:56:58,095 R XYZ: 0.4938 0.2234 0.0014
2026-07-24 16:56:58,095 G XYZ: 0.2978 0.6877 0.0663
2026-07-24 16:56:58,095 B XYZ: 0.1437 0.0596 0.7339
2026-07-24 16:56:58,095 Generating input curve PCS values...
2026-07-24 16:56:58,150 Looking up input curve RGB values...
2026-07-24 16:56:58,177 R+G+B XYZ: 0.9673 1.0032 0.8276
2026-07-24 16:56:58,177 Correction factors: 0.9968 0.9968 0.9968
2026-07-24 16:56:58,177 Matrix 1:
2026-07-24 16:56:58,178 [2.3612683334722733, -0.9729447194308304, -0.3721967601384767]
2026-07-24 16:56:58,178 [-0.7642836243636455, 1.7160053101386328, 0.021451016722533255]
2026-07-24 16:56:58,178 [0.07285030928313878, -0.14282202138674727, 1.2963606450003327]
2026-07-24 16:56:58,178 Matrix 2:
2026-07-24 16:56:58,178 [2.368906705953488, -0.9760920593859279, -0.37340076454997795]
2026-07-24 16:56:58,178 [-0.7667559748887547, 1.7215563470761885, 0.021520407758488302]
2026-07-24 16:56:58,180 [0.07308596983462644, -0.14328403063085043, 1.300554190196419]
2026-07-24 16:56:58,180 Matrix 3:
2026-07-24 16:56:58,180 [1.999969482421875, 0, 0]
2026-07-24 16:56:58,180 [0, 1.999969482421875, 0]
2026-07-24 16:56:58,180 [0, 0, 1.999969482421875]
2026-07-24 16:56:58,180 Final matrix:
2026-07-24 16:56:58,181 [4.737741118611506, -1.9521543308061764, -0.7467901338129518]
2026-07-24 16:56:58,181 [-1.533488550242143, 3.4430601564220584, 0.04304015876625155]
2026-07-24 16:56:58,181 [0.14616970926245862, -0.286563688580102, 2.601068690628733]
2026-07-24 16:56:58,181 Applying matrix to input curve XYZ values...
2026-07-24 16:56:58,187 Generating input curves...
2026-07-24 16:57:00,084 100%
2026-07-24 16:57:00,085 --------------------------------------------------------------------------------
2026-07-24 16:57:00,085 Creating shaper tags in separate step
2026-07-24 16:57:00,085 Using chromatic adaptation transform matrix: Bradford
2026-07-24 16:57:00,095 Extracting neutrals from c:\users\sizen\appdata\local\temp\DisplayCAL-vwbaec\SDQHD #1 2026-07-24 16-43 2.2 F-S XYZLUT+MTX.ti3
2026-07-24 16:57:00,102 NUMBER_OF_FIELDS 7
2026-07-24 16:57:00,102 BEGIN_DATA_FORMAT
2026-07-24 16:57:00,102 SAMPLE_ID RGB_R RGB_G RGB_B XYZ_X XYZ_Y XYZ_Z
2026-07-24 16:57:00,102 END_DATA_FORMAT
2026-07-24 16:57:00,102 
2026-07-24 16:57:00,102 NUMBER_OF_SETS 52
2026-07-24 16:57:00,102 BEGIN_DATA
2026-07-24 16:57:00,102 1 0.000000 0.000000 0.000000 0.153261 0.161806 0.199517
2026-07-24 16:57:00,102 2 1.960800 1.960800 1.960800 0.168115 0.197744 0.268621
2026-07-24 16:57:00,102 3 3.921600 3.921600 3.921600 0.218715 0.256022 0.340151
2026-07-24 16:57:00,102 4 5.882400 5.882400 5.882400 0.329989 0.359786 0.474947
2026-07-24 16:57:00,102 5 7.843100 7.843100 7.843100 0.477179 0.510335 0.668391
2026-07-24 16:57:00,102 6 9.803900 9.803900 9.803900 0.684418 0.742958 0.978650
2026-07-24 16:57:00,102 7 11.76500 11.76500 11.76500 0.961801 1.008276 1.341168
2026-07-24 16:57:00,102 8 13.72600 13.72600 13.72600 1.273037 1.332362 1.700505
2026-07-24 16:57:00,102 9 15.68600 15.68600 15.68600 1.646221 1.750822 2.239407
2026-07-24 16:57:00,102 10 17.64700 17.64700 17.64700 2.091561 2.214201 2.867050
2026-07-24 16:57:00,102 11 19.60800 19.60800 19.60800 2.693030 2.778911 3.672820
2026-07-24 16:57:00,104 12 21.56900 21.56900 21.56900 3.280112 3.429107 4.418808
2026-07-24 16:57:00,104 13 23.52900 23.52900 23.52900 4.002117 4.182170 5.434523
2026-07-24 16:57:00,104 14 25.49000 25.49000 25.49000 4.826041 5.062723 6.357446
2026-07-24 16:57:00,104 15 27.45100 27.45100 27.45100 5.628876 5.932671 7.371738
2026-07-24 16:57:00,104 16 29.41200 29.41200 29.41200 6.505517 6.847696 8.535849
2026-07-24 16:57:00,104 17 31.37300 31.37300 31.37300 7.481483 7.831027 9.940141
2026-07-24 16:57:00,104 18 33.33300 33.33300 33.33300 8.546983 9.051859 11.28292
2026-07-24 16:57:00,104 19 35.29400 35.29400 35.29400 9.796017 10.25153 12.89345
2026-07-24 16:57:00,104 20 37.25500 37.25500 37.25500 10.95381 11.55210 14.20401
2026-07-24 16:57:00,104 21 39.21600 39.21600 39.21600 12.15684 12.91254 15.93787
2026-07-24 16:57:00,104 22 41.17600 41.17600 41.17600 13.53361 14.29945 17.57648
2026-07-24 16:57:00,104 23 43.13700 43.13700 43.13700 14.88853 15.73647 19.30684
2026-07-24 16:57:00,104 24 45.09800 45.09800 45.09800 16.31618 17.24276 21.15690
2026-07-24 16:57:00,104 25 47.05900 47.05900 47.05900 17.93072 18.88631 23.48763
2026-07-24 16:57:00,104 26 49.02000 49.02000 49.02000 19.68048 20.87406 25.75629
2026-07-24 16:57:00,104 27 50.98000 50.98000 50.98000 21.37157 22.67052 27.93446
2026-07-24 16:57:00,104 28 52.94100 52.94100 52.94100 23.35819 24.64545 30.25746
2026-07-24 16:57:00,104 29 54.90200 54.90200 54.90200 25.23922 26.66273 32.61377
2026-07-24 16:57:00,104 30 56.86300 56.86300 56.86300 27.28618 28.99933 35.17971
2026-07-24 16:57:00,104 31 58.82400 58.82400 58.82400 29.30136 31.11940 37.77550
2026-07-24 16:57:00,104 32 60.78400 60.78400 60.78400 31.37066 33.04307 40.55046
2026-07-24 16:57:00,104 33 62.74500 62.74500 62.74500 33.73348 35.48543 43.56324
2026-07-24 16:57:00,104 34 64.70600 64.70600 64.70600 36.17913 38.00841 46.63492
2026-07-24 16:57:00,104 35 66.66700 66.66700 66.66700 38.95909 41.13569 50.67094
2026-07-24 16:57:00,104 36 68.62700 68.62700 68.62700 41.64448 43.90150 54.04076
2026-07-24 16:57:00,104 37 70.58800 70.58800 70.58800 44.57392 46.79085 58.28353
2026-07-24 16:57:00,104 38 72.54900 72.54900 72.54900 47.47198 50.20163 62.01521
2026-07-24 16:57:00,104 39 74.51000 74.51000 74.51000 50.39896 53.24691 65.77424
2026-07-24 16:57:00,104 40 76.47100 76.47100 76.47100 53.35099 56.35186 69.62386
2026-07-24 16:57:00,104 41 78.43100 78.43100 78.43100 56.26560 59.38557 73.35286
2026-07-24 16:57:00,104 42 80.39200 80.39200 80.39200 59.15848 62.57882 77.23484
2026-07-24 16:57:00,104 43 82.35300 82.35300 82.35300 62.06041 65.44287 80.84197
2026-07-24 16:57:00,104 44 84.31400 84.31400 84.31400 65.33792 68.88371 85.16985
2026-07-24 16:57:00,104 45 86.27500 86.27500 86.27500 68.67058 72.43035 89.40601
2026-07-24 16:57:00,104 46 88.23500 88.23500 88.23500 72.33498 76.56699 94.03089
2026-07-24 16:57:00,104 47 90.19600 90.19600 90.19600 75.93963 80.45332 98.95878
2026-07-24 16:57:00,104 48 92.15700 92.15700 92.15700 80.00304 84.44811 103.9359
2026-07-24 16:57:00,104 49 94.11800 94.11800 94.11800 83.56797 88.20218 108.6217
2026-07-24 16:57:00,104 50 96.07800 96.07800 96.07800 87.35691 92.10579 114.3326
2026-07-24 16:57:00,104 51 98.03900 98.03900 98.03900 91.58398 96.29808 119.3673
2026-07-24 16:57:00,104 52 100.0000 100.0000 100.0000 94.71889 100.0000 123.3066
2026-07-24 16:57:00,104 END_DATA
2026-07-24 16:57:00,104 --------------------------------------------------------------------------------
2026-07-24 16:57:00,359 Black relative luminance = 0.001618
2026-07-24 16:57:00,359 Black output offset = 1.00
2026-07-24 16:57:00,359 Calibration gamma = 2.20 relative
2026-07-24 16:57:00,359 Calibration overall transfer function ≈ Gamma 2.21 100% (Δ 0.00%)
2026-07-24 16:57:00,359 Calibration effective gamma = 2.20
2026-07-24 16:57:00,391 Transfer function R ≈ Gamma 2.21 100% (Δ 1.88%)
2026-07-24 16:57:00,391 Effective gamma = 2.20
2026-07-24 16:57:00,391 Got good match (+-2%)
2026-07-24 16:57:00,391 Using calibration transfer function
2026-07-24 16:57:00,417 Transfer function G ≈ Gamma 2.21 100% (Δ 1.88%)
2026-07-24 16:57:00,420 Effective gamma = 2.20
2026-07-24 16:57:00,420 Got good match (+-2%)
2026-07-24 16:57:00,420 Using calibration transfer function
2026-07-24 16:57:00,447 Transfer function B ≈ Gamma 2.21 100% (Δ 1.88%)
2026-07-24 16:57:00,447 Effective gamma = 2.20
2026-07-24 16:57:00,448 Got good match (+-2%)
2026-07-24 16:57:00,448 Using calibration transfer function
2026-07-24 16:57:00,448 Using transfer function for R: Gamma 2.20
2026-07-24 16:57:00,448 Effective gamma = 2.19
2026-07-24 16:57:00,448 Using transfer function for G: Gamma 2.20
2026-07-24 16:57:00,448 Effective gamma = 2.19
2026-07-24 16:57:00,450 Using transfer function for B: Gamma 2.20
2026-07-24 16:57:00,450 Effective gamma = 2.19
2026-07-24 16:57:00,450 Adding rTRC from interpolation to SDQHD #1 2026-07-24 16-43 2.2 F-S XYZLUT+MTX
2026-07-24 16:57:00,450 Adding gTRC from interpolation to SDQHD #1 2026-07-24 16-43 2.2 F-S XYZLUT+MTX
2026-07-24 16:57:00,450 Adding bTRC from interpolation to SDQHD #1 2026-07-24 16-43 2.2 F-S XYZLUT+MTX
2026-07-24 16:57:00,642 --------------------------------------------------------------------------------
2026-07-24 16:57:00,644 Working directory:
2026-07-24 16:57:00,644   c:\
2026-07-24 16:57:00,644    users\
2026-07-24 16:57:00,644     sizen\
2026-07-24 16:57:00,644      appdata\
2026-07-24 16:57:00,644       local\
2026-07-24 16:57:00,644        temp\
2026-07-24 16:57:00,644         DisplayCAL-vwbaec\
2026-07-24 16:57:00,644 
2026-07-24 16:57:00,645 Command line:
2026-07-24 16:57:00,645   C:\Users\sizen\AppData\Roaming\DisplayCAL\ArgyllCMS\bin\profcheck.exe
2026-07-24 16:57:00,645     "SDQHD #1 2026-07-24 16-43 2.2 F-S XYZLUT+MTX.ti3"
2026-07-24 16:57:00,645     "SDQHD #1 2026-07-24 16-43 2.2 F-S XYZLUT+MTX.icm"
2026-07-24 16:57:00,645 
2026-07-24 16:57:00,660 Profile check complete, errors: max. = 1.458640, avg. = 0.092561, RMS = 0.222450
2026-07-24 16:57:00,660 profcheck exitcode: 0
2026-07-24 16:57:00,661 --------------------------------------------------------------------------------
2026-07-24 16:57:00,661 Generating gamut views...
2026-07-24 16:57:01,411 --------------------------------------------------------------------------------
2026-07-24 16:57:01,411 Working directory:
2026-07-24 16:57:01,414   c:\
2026-07-24 16:57:01,414    users\
2026-07-24 16:57:01,414     sizen\
2026-07-24 16:57:01,414      appdata\
2026-07-24 16:57:01,414       local\
2026-07-24 16:57:01,414        temp\
2026-07-24 16:57:01,414         DisplayCAL-vwbaec\
2026-07-24 16:57:01,414 
2026-07-24 16:57:01,414 Command line:
2026-07-24 16:57:01,414   C:\Users\sizen\AppData\Roaming\DisplayCAL\ArgyllCMS\bin\iccgamut.exe
2026-07-24 16:57:01,414     -v
2026-07-24 16:57:01,414     -w
2026-07-24 16:57:01,414     -ir
2026-07-24 16:57:01,414     -ff
2026-07-24 16:57:01,414     -on
2026-07-24 16:57:01,414     -d10.00
2026-07-24 16:57:01,417     "SDQHD #1 2026-07-24 16-43 2.2 F-S XYZLUT+MTX.icm"
2026-07-24 16:57:01,417 
2026-07-24 16:57:01,714 Header:
2026-07-24 16:57:01,714   Profile size    = 942052 bytes
2026-07-24 16:57:01,714   CMM             = 'argl'
2026-07-24 16:57:01,714   Version         = 2.2.0
2026-07-24 16:57:01,714   Device Class    = Display
2026-07-24 16:57:01,714   Color Space     = RGB
2026-07-24 16:57:01,714   Conn. Space     = XYZ
2026-07-24 16:57:01,714   UTC Date&Time   = 24 Jul 2026, 16:56:43
2026-07-24 16:57:01,714   Local Date&Time = 24 Jul 2026, 23:56:43
2026-07-24 16:57:01,714   Platform        = Microsoft
2026-07-24 16:57:01,714   Flags           = Not Embedded Profile, Use anywhere
2026-07-24 16:57:01,714   Dev. Mnfctr.    = 0x0
2026-07-24 16:57:01,714   Dev. Model      = 0x0
2026-07-24 16:57:01,714   Dev. Attrbts    = Reflective, Glossy, Positive, Color
2026-07-24 16:57:01,714   Rndrng Intnt    = Perceptual
2026-07-24 16:57:01,714   Illuminant      = 0.96420288, 1.00000000, 0.82490540    [Lab 100.000000, 0.000000, 0.000000]
2026-07-24 16:57:01,714   Creator         = 'DCAL'
2026-07-24 16:57:01,714 
2026-07-24 16:57:01,714  Colorspace white/black are 100.000000 0.000000 0.000000, 1.460679 -0.026391 -0.006368
2026-07-24 16:57:01,714  Gamut white/black are      100.000000 0.000000 0.000000, 1.461020 -0.026390 -0.006368
2026-07-24 16:57:01,714 
2026-07-24 16:57:01,714 Total volume of gamut is 1132353.767875 cubic colorspace units
2026-07-24 16:57:01,714 iccgamut exitcode: 0
2026-07-24 16:57:02,295 --------------------------------------------------------------------------------
2026-07-24 16:57:02,295 Command line:
2026-07-24 16:57:02,295   C:\Users\sizen\AppData\Roaming\DisplayCAL\ArgyllCMS\bin\viewgam.exe
2026-07-24 16:57:02,295     -cw
2026-07-24 16:57:02,296     -t0
2026-07-24 16:57:02,296     -w
2026-07-24 16:57:02,296     "C:\Program Files (x86)\DisplayCAL\ref\sRGB.gam"
2026-07-24 16:57:02,296     -cn
2026-07-24 16:57:02,296     -t.3
2026-07-24 16:57:02,296     -s
2026-07-24 16:57:02,296     "SDQHD #1 2026-07-24 16-43 2.2 F-S XYZLUT+MTX.gam"
2026-07-24 16:57:02,296     -i
2026-07-24 16:57:02,298     "SDQHD #1 2026-07-24 16-43 2.2 F-S XYZLUT+MTX vs sRGB.wrl"
2026-07-24 16:57:02,298 
2026-07-24 16:57:02,298 Intersecting volume = 830779.7 cubic units
2026-07-24 16:57:02,298 'C:\Program Files (x86)\DisplayCAL\ref\sRGB.gam' volume = 833675.1 cubic units, intersect = 99.65%
2026-07-24 16:57:02,298 'SDQHD #1 2026-07-24 16-43 2.2 F-S XYZLUT+MTX.gam' volume = 1132353.8 cubic units, intersect = 73.37%
2026-07-24 16:57:02,496 --------------------------------------------------------------------------------
2026-07-24 16:57:02,496 Command line:
2026-07-24 16:57:02,496   C:\Users\sizen\AppData\Roaming\DisplayCAL\ArgyllCMS\bin\viewgam.exe
2026-07-24 16:57:02,496     -cw
2026-07-24 16:57:02,497     -t0
2026-07-24 16:57:02,497     -w
2026-07-24 16:57:02,497     "C:\Program Files (x86)\DisplayCAL\ref\ClayRGB1998.gam"
2026-07-24 16:57:02,499     -cn
2026-07-24 16:57:02,499     -t.3
2026-07-24 16:57:02,499     -s
2026-07-24 16:57:02,499     "SDQHD #1 2026-07-24 16-43 2.2 F-S XYZLUT+MTX.gam"
2026-07-24 16:57:02,499     -i
2026-07-24 16:57:02,500     "SDQHD #1 2026-07-24 16-43 2.2 F-S XYZLUT+MTX vs ClayRGB1998.wrl"
2026-07-24 16:57:02,500 
2026-07-24 16:57:02,500 Intersecting volume = 1035511.2 cubic units
2026-07-24 16:57:02,500 'C:\Program Files (x86)\DisplayCAL\ref\ClayRGB1998.gam' volume = 1209985.9 cubic units, intersect = 85.58%
2026-07-24 16:57:02,500 'SDQHD #1 2026-07-24 16-43 2.2 F-S XYZLUT+MTX.gam' volume = 1132353.8 cubic units, intersect = 91.45%
2026-07-24 16:57:02,500 --------------------------------------------------------------------------------
2026-07-24 16:57:02,500 Command line:
2026-07-24 16:57:02,500   C:\Users\sizen\AppData\Roaming\DisplayCAL\ArgyllCMS\bin\viewgam.exe
2026-07-24 16:57:02,500     -cw
2026-07-24 16:57:02,500     -t0
2026-07-24 16:57:02,500     -w
2026-07-24 16:57:02,500     "C:\Program Files (x86)\DisplayCAL\ref\SMPTE431_P3.gam"
2026-07-24 16:57:02,500     -cn
2026-07-24 16:57:02,500     -t.3
2026-07-24 16:57:02,500     -s
2026-07-24 16:57:02,502     "SDQHD #1 2026-07-24 16-43 2.2 F-S XYZLUT+MTX.gam"
2026-07-24 16:57:02,502     -i
2026-07-24 16:57:02,502     "SDQHD #1 2026-07-24 16-43 2.2 F-S XYZLUT+MTX vs SMPTE431_P3.wrl"
2026-07-24 16:57:02,502 
2026-07-24 16:57:02,502 Intersecting volume = 1077070.5 cubic units
2026-07-24 16:57:02,502 'C:\Program Files (x86)\DisplayCAL\ref\SMPTE431_P3.gam' volume = 1176953.5 cubic units, intersect = 91.51%
2026-07-24 16:57:02,502 'SDQHD #1 2026-07-24 16-43 2.2 F-S XYZLUT+MTX.gam' volume = 1132353.8 cubic units, intersect = 95.12%
2026-07-24 16:57:02,602 --------------------------------------------------------------------------------
